
Discarded input sections

 .group         0x00000000        0xc build/13-03-flat-state-machine/soc/stm32f1/system_stm32f1.o
 .group         0x00000000        0xc build/13-03-flat-state-machine/soc/stm32f1/system_stm32f1.o
 .group         0x00000000        0xc build/13-03-flat-state-machine/soc/stm32f1/system_stm32f1.o
 .group         0x00000000        0xc build/13-03-flat-state-machine/soc/stm32f1/system_stm32f1.o
 .group         0x00000000        0xc build/13-03-flat-state-machine/soc/stm32f1/system_stm32f1.o
 .text          0x00000000        0x0 build/13-03-flat-state-machine/soc/stm32f1/system_stm32f1.o
 .data          0x00000000        0x0 build/13-03-flat-state-machine/soc/stm32f1/system_stm32f1.o
 .bss           0x00000000        0x0 build/13-03-flat-state-machine/soc/stm32f1/system_stm32f1.o
 .comment       0x00000000       0x27 build/13-03-flat-state-machine/soc/stm32f1/system_stm32f1.o
 .group         0x00000000        0xc build/13-03-flat-state-machine/soc/stm32f1/stm32f1_clock.o
 .group         0x00000000        0xc build/13-03-flat-state-machine/soc/stm32f1/stm32f1_clock.o
 .group         0x00000000        0xc build/13-03-flat-state-machine/soc/stm32f1/stm32f1_clock.o
 .group         0x00000000        0xc build/13-03-flat-state-machine/soc/stm32f1/stm32f1_clock.o
 .group         0x00000000        0xc build/13-03-flat-state-machine/soc/stm32f1/stm32f1_clock.o
 .text          0x00000000        0x0 build/13-03-flat-state-machine/soc/stm32f1/stm32f1_clock.o
 .data          0x00000000        0x0 build/13-03-flat-state-machine/soc/stm32f1/stm32f1_clock.o
 .bss           0x00000000        0x0 build/13-03-flat-state-machine/soc/stm32f1/stm32f1_clock.o
 .text.stm32f1_clock_get_pclk1_hz
                0x00000000       0x20 build/13-03-flat-state-machine/soc/stm32f1/stm32f1_clock.o
 .debug_macro   0x00000000      0xacc build/13-03-flat-state-machine/soc/stm32f1/stm32f1_clock.o
 .debug_macro   0x00000000       0x22 build/13-03-flat-state-machine/soc/stm32f1/stm32f1_clock.o
 .debug_macro   0x00000000      0x190 build/13-03-flat-state-machine/soc/stm32f1/stm32f1_clock.o
 .debug_macro   0x00000000      0x34e build/13-03-flat-state-machine/soc/stm32f1/stm32f1_clock.o
 .debug_macro   0x00000000      0x193 build/13-03-flat-state-machine/soc/stm32f1/stm32f1_clock.o
 .comment       0x00000000       0x27 build/13-03-flat-state-machine/soc/stm32f1/stm32f1_clock.o
 .group         0x00000000        0xc build/13-03-flat-state-machine/soc/stm32f1/stm32f1_irq.o
 .group         0x00000000        0xc build/13-03-flat-state-machine/soc/stm32f1/stm32f1_irq.o
 .group         0x00000000        0xc build/13-03-flat-state-machine/soc/stm32f1/stm32f1_irq.o
 .group         0x00000000        0xc build/13-03-flat-state-machine/soc/stm32f1/stm32f1_irq.o
 .group         0x00000000        0xc build/13-03-flat-state-machine/soc/stm32f1/stm32f1_irq.o
 .text          0x00000000        0x0 build/13-03-flat-state-machine/soc/stm32f1/stm32f1_irq.o
 .data          0x00000000        0x0 build/13-03-flat-state-machine/soc/stm32f1/stm32f1_irq.o
 .bss           0x00000000        0x0 build/13-03-flat-state-machine/soc/stm32f1/stm32f1_irq.o
 .debug_macro   0x00000000      0xacc build/13-03-flat-state-machine/soc/stm32f1/stm32f1_irq.o
 .debug_macro   0x00000000       0x22 build/13-03-flat-state-machine/soc/stm32f1/stm32f1_irq.o
 .debug_macro   0x00000000      0x190 build/13-03-flat-state-machine/soc/stm32f1/stm32f1_irq.o
 .debug_macro   0x00000000      0x34e build/13-03-flat-state-machine/soc/stm32f1/stm32f1_irq.o
 .debug_macro   0x00000000      0x193 build/13-03-flat-state-machine/soc/stm32f1/stm32f1_irq.o
 .comment       0x00000000       0x27 build/13-03-flat-state-machine/soc/stm32f1/stm32f1_irq.o
 .group         0x00000000        0xc build/13-03-flat-state-machine/boards/bluepill_f103c8/board.o
 .group         0x00000000        0xc build/13-03-flat-state-machine/boards/bluepill_f103c8/board.o
 .group         0x00000000        0xc build/13-03-flat-state-machine/boards/bluepill_f103c8/board.o
 .group         0x00000000        0xc build/13-03-flat-state-machine/boards/bluepill_f103c8/board.o
 .group         0x00000000        0xc build/13-03-flat-state-machine/boards/bluepill_f103c8/board.o
 .group         0x00000000        0xc build/13-03-flat-state-machine/boards/bluepill_f103c8/board.o
 .text          0x00000000        0x0 build/13-03-flat-state-machine/boards/bluepill_f103c8/board.o
 .data          0x00000000        0x0 build/13-03-flat-state-machine/boards/bluepill_f103c8/board.o
 .bss           0x00000000        0x0 build/13-03-flat-state-machine/boards/bluepill_f103c8/board.o
 .text.board_led_toggle
                0x00000000        0xc build/13-03-flat-state-machine/boards/bluepill_f103c8/board.o
 .text.board_millis
                0x00000000        0x8 build/13-03-flat-state-machine/boards/bluepill_f103c8/board.o
 .text.board_delay_ms
                0x00000000        0x8 build/13-03-flat-state-machine/boards/bluepill_f103c8/board.o
[...]
Memory Configuration

Name             Origin             Length             Attributes
FLASH            0x08000000         0x00010000         xr
RAM              0x20000000         0x00005000         xrw
*default*        0x00000000         0xffffffff

Linker script and memory map

LOAD build/13-03-flat-state-machine/soc/stm32f1/system_stm32f1.o
LOAD build/13-03-flat-state-machine/soc/stm32f1/stm32f1_clock.o
LOAD build/13-03-flat-state-machine/soc/stm32f1/stm32f1_irq.o
LOAD build/13-03-flat-state-machine/boards/bluepill_f103c8/board.o
LOAD build/13-03-flat-state-machine/boards/bluepill_f103c8/board_clock.o
LOAD build/13-03-flat-state-machine/drivers/gpio/src/hr_gpio_stm32f1.o
LOAD build/13-03-flat-state-machine/drivers/uart/src/hr_uart_stm32f1.o
LOAD build/13-03-flat-state-machine/drivers/timer/src/hr_hw_timer_stm32f1.o
LOAD build/13-03-flat-state-machine/examples/13-03-flat-state-machine/main.o
LOAD build/13-03-flat-state-machine/kernel/src/hr_list.o
LOAD build/13-03-flat-state-machine/kernel/src/hr_scheduler.o
LOAD build/13-03-flat-state-machine/kernel/src/hr_wait.o
LOAD build/13-03-flat-state-machine/kernel/src/hr_timeout.o
LOAD build/13-03-flat-state-machine/kernel/src/hr_task.o
LOAD build/13-03-flat-state-machine/arch/arm/cortex-m3/hr_port.o
LOAD build/13-03-flat-state-machine/arch/arm/cortex-m3/hr_port_stack.o
LOAD build/13-03-flat-state-machine/kernel/src/hr_kernel.o
LOAD build/13-03-flat-state-machine/kernel/src/hr_time.o
LOAD build/13-03-flat-state-machine/kernel/src/hr_context.o
LOAD build/13-03-flat-state-machine/kernel/src/hr_queue.o
LOAD build/13-03-flat-state-machine/kernel/src/hr_semaphore.o
LOAD build/13-03-flat-state-machine/kernel/src/hr_timer.o
LOAD build/13-03-flat-state-machine/hairevent/src/he_event.o
LOAD build/13-03-flat-state-machine/hairevent/src/he_state_machine.o
LOAD build/13-03-flat-state-machine/hairevent/src/he_active.o
LOAD build/13-03-flat-state-machine/hairevent/src/he_time_event.o
LOAD build/13-03-flat-state-machine/hairevent/src/he_pubsub.o
LOAD build/13-03-flat-state-machine/soc/stm32f1/startup_stm32f103.o
LOAD build/13-03-flat-state-machine/arch/arm/cortex-m3/hr_portasm.o
LOAD /usr/lib/gcc/arm-none-eabi/13.2.1/thumb/v7-m/nofp/libgcc.a
                0x00000000                        _Min_Heap_Size = 0x0
                0x00000400                        _Min_Stack_Size = 0x400
                0x20005000                        _estack = (ORIGIN (RAM) + LENGTH (RAM))
                0x20004c00                        _sstack = (_estack - _Min_Stack_Size)

.isr_vector     0x08000000       0xec
                0x08000000                        . = ALIGN (0x4)
 *(.isr_vector)
 .isr_vector    0x08000000       0xec build/13-03-flat-state-machine/soc/stm32f1/startup_stm32f103.o
                0x08000000                g_pfnVectors
                0x080000ec                        . = ALIGN (0x4)

.text           0x080000ec     0x2744
                0x080000ec                        . = ALIGN (0x4)
 *(.text)
 .text          0x080000ec       0x74 build/13-03-flat-state-machine/arch/arm/cortex-m3/hr_portasm.o
                0x080000ec                hr_port_start_first_task
                0x08000102                SVC_Handler
                0x08000126                PendSV_Handler
 *(.text*)
 .text.system_reset_clock_tree
                0x08000160       0x44 build/13-03-flat-state-machine/soc/stm32f1/system_stm32f1.o
 .text.SystemCoreClockUpdate
                0x080001a4       0x10 build/13-03-flat-state-machine/soc/stm32f1/system_stm32f1.o
                0x080001a4                SystemCoreClockUpdate
 .text.SystemInit
                0x080001b4       0x20 build/13-03-flat-state-machine/soc/stm32f1/system_stm32f1.o
                0x080001b4                SystemInit
 .text.wait_for_mask
                0x080001d4       0x1e build/13-03-flat-state-machine/soc/stm32f1/stm32f1_clock.o
 *fill*         0x080001f2        0x2 
 .text.decode_ahb_prescaler
                0x080001f4       0x10 build/13-03-flat-state-machine/soc/stm32f1/stm32f1_clock.o
 .text.decode_apb_prescaler
                0x08000204       0x10 build/13-03-flat-state-machine/soc/stm32f1/stm32f1_clock.o
 .text.stm32f1_clock_configure_hse_pll_72mhz
                0x08000214       0x78 build/13-03-flat-state-machine/soc/stm32f1/stm32f1_clock.o
                0x08000214                stm32f1_clock_configure_hse_pll_72mhz
 .text.stm32f1_clock_get_hclk_hz
                0x0800028c       0x40 build/13-03-flat-state-machine/soc/stm32f1/stm32f1_clock.o
                0x0800028c                stm32f1_clock_get_hclk_hz
 .text.stm32f1_clock_get_pclk2_hz
                0x080002cc       0x20 build/13-03-flat-state-machine/soc/stm32f1/stm32f1_clock.o
                0x080002cc                stm32f1_clock_get_pclk2_hz
 .text.fault_stop
                0x080002ec        0x6 build/13-03-flat-state-machine/soc/stm32f1/stm32f1_irq.o
 .text.HardFault_Handler
                0x080002f2        0x6 build/13-03-flat-state-machine/soc/stm32f1/stm32f1_irq.o
                0x080002f2                HardFault_Handler
 .text.MemManage_Handler
                0x080002f8        0x6 build/13-03-flat-state-machine/soc/stm32f1/stm32f1_irq.o
                0x080002f8                MemManage_Handler
 .text.BusFault_Handler
                0x080002fe        0x6 build/13-03-flat-state-machine/soc/stm32f1/stm32f1_irq.o
                0x080002fe                BusFault_Handler
 .text.UsageFault_Handler
                0x08000304        0x6 build/13-03-flat-state-machine/soc/stm32f1/stm32f1_irq.o
                0x08000304                UsageFault_Handler
 .text.board_led_on
                0x0800030a        0xe build/13-03-flat-state-machine/boards/bluepill_f103c8/board.o
                0x0800030a                board_led_on
 .text.board_led_off
                0x08000318        0xe build/13-03-flat-state-machine/boards/bluepill_f103c8/board.o
                0x08000318                board_led_off
 .text.board_uart_write_char
                0x08000326        0x8 build/13-03-flat-state-machine/boards/bluepill_f103c8/board.o
                0x08000326                board_uart_write_char
 .text.board_uart_write_string
                0x0800032e        0x8 build/13-03-flat-state-machine/boards/bluepill_f103c8/board.o
                0x0800032e                board_uart_write_string
 *fill*         0x08000336        0x2 
 .text.board_uart_write_u32
                0x08000338       0x5c build/13-03-flat-state-machine/boards/bluepill_f103c8/board.o
                0x08000338                board_uart_write_u32
 .text.board_uart_write_line
                0x08000394       0x14 build/13-03-flat-state-machine/boards/bluepill_f103c8/board.o
                0x08000394                board_uart_write_line
 .text.board_print_boot_banner
                0x080003a8       0x5c build/13-03-flat-state-machine/boards/bluepill_f103c8/board.o
 .text.board_init
                0x08000404       0x38 build/13-03-flat-state-machine/boards/bluepill_f103c8/board.o
                0x08000404                board_init
 .text.board_panic
                0x0800043c        0xc build/13-03-flat-state-machine/boards/bluepill_f103c8/board.o
                0x0800043c                board_panic
 .text.board_get_core_clock_hz
                0x08000448        0xc build/13-03-flat-state-machine/boards/bluepill_f103c8/board_clock.o
                0x08000448                board_get_core_clock_hz
 .text.board_clock_is_72mhz
                0x08000454       0x18 build/13-03-flat-state-machine/boards/bluepill_f103c8/board_clock.o
                0x08000454                board_clock_is_72mhz
 .text.gpio_from_port
                0x0800046c       0x28 build/13-03-flat-state-machine/drivers/gpio/src/hr_gpio_stm32f1.o
 .text.gpio_configure_nibble
                0x08000494       0x30 build/13-03-flat-state-machine/drivers/gpio/src/hr_gpio_stm32f1.o
 .text.hr_gpio_enable_port_clock
                0x080004c4       0x34 build/13-03-flat-state-machine/drivers/gpio/src/hr_gpio_stm32f1.o
                0x080004c4                hr_gpio_enable_port_clock
 .text.hr_gpio_config_output_push_pull
                0x080004f8       0x14 build/13-03-flat-state-machine/drivers/gpio/src/hr_gpio_stm32f1.o
                0x080004f8                hr_gpio_config_output_push_pull
 .text.hr_gpio_config_alternate_push_pull
                0x0800050c       0x16 build/13-03-flat-state-machine/drivers/gpio/src/hr_gpio_stm32f1.o
                0x0800050c                hr_gpio_config_alternate_push_pull
 .text.hr_gpio_config_input_floating
                0x08000522       0x12 build/13-03-flat-state-machine/drivers/gpio/src/hr_gpio_stm32f1.o
                0x08000522                hr_gpio_config_input_floating
 .text.hr_gpio_write
                0x08000534       0x22 build/13-03-flat-state-machine/drivers/gpio/src/hr_gpio_stm32f1.o
                0x08000534                hr_gpio_write
 *fill*         0x08000556        0x2 
 .text.hr_uart_init
                0x08000558       0x54 build/13-03-flat-state-machine/drivers/uart/src/hr_uart_stm32f1.o
                0x08000558                hr_uart_init
 .text.hr_uart_write_char
                0x080005ac       0x14 build/13-03-flat-state-machine/drivers/uart/src/hr_uart_stm32f1.o
                0x080005ac                hr_uart_write_char
 .text.hr_uart_write_string
                0x080005c0       0x16 build/13-03-flat-state-machine/drivers/uart/src/hr_uart_stm32f1.o
                0x080005c0                hr_uart_write_string
 *fill*         0x080005d6        0x2 
 .text.hr_hw_timer_init_1khz
                0x080005d8       0x34 build/13-03-flat-state-machine/drivers/timer/src/hr_hw_timer_stm32f1.o
                0x080005d8                hr_hw_timer_init_1khz
 .text.controller_task
                0x0800060c       0x48 build/13-03-flat-state-machine/examples/13-03-flat-state-machine/main.o
 .text.state_off
                0x08000654       0x40 build/13-03-flat-state-machine/examples/13-03-flat-state-machine/main.o
 .text.state_on
                0x08000694       0x40 build/13-03-flat-state-machine/examples/13-03-flat-state-machine/main.o
 .text.main     0x080006d4       0xac build/13-03-flat-state-machine/examples/13-03-flat-state-machine/main.o
                0x080006d4                main
 .text.hr_list_insert_between
                0x08000780       0x38 build/13-03-flat-state-machine/kernel/src/hr_list.o
 .text.hr_list_init
                0x080007b8       0x12 build/13-03-flat-state-machine/kernel/src/hr_list.o
                0x080007b8                hr_list_init
 .text.hr_list_node_init
                0x080007ca        0xe build/13-03-flat-state-machine/kernel/src/hr_list.o
                0x080007ca                hr_list_node_init
 .text.hr_list_is_empty
                0x080007d8       0x12 build/13-03-flat-state-machine/kernel/src/hr_list.o
                0x080007d8                hr_list_is_empty
 .text.hr_list_size
                0x080007ea        0xa build/13-03-flat-state-machine/kernel/src/hr_list.o
                0x080007ea                hr_list_size
 .text.hr_list_node_is_linked
                0x080007f4       0x12 build/13-03-flat-state-machine/kernel/src/hr_list.o
                0x080007f4                hr_list_node_is_linked
 .text.hr_list_node_owner
                0x08000806        0x8 build/13-03-flat-state-machine/kernel/src/hr_list.o
                0x08000806                hr_list_node_owner
 .text.hr_list_front
                0x0800080e       0x10 build/13-03-flat-state-machine/kernel/src/hr_list.o
                0x0800080e                hr_list_front
 .text.hr_list_next
                0x0800081e       0x24 build/13-03-flat-state-machine/kernel/src/hr_list.o
                0x0800081e                hr_list_next
 .text.hr_list_push_back
                0x08000842       0x14 build/13-03-flat-state-machine/kernel/src/hr_list.o
                0x08000842                hr_list_push_back
 .text.hr_list_insert_before
                0x08000856       0x24 build/13-03-flat-state-machine/kernel/src/hr_list.o
                0x08000856                hr_list_insert_before
 .text.hr_list_remove
                0x0800087a       0x3a build/13-03-flat-state-machine/kernel/src/hr_list.o
                0x0800087a                hr_list_remove
 .text.hr_list_pop_front
                0x080008b4       0x18 build/13-03-flat-state-machine/kernel/src/hr_list.o
                0x080008b4                hr_list_pop_front
 .text.hr_priority_is_valid
                0x080008cc        0xa build/13-03-flat-state-machine/kernel/src/hr_scheduler.o
 .text.hr_priority_mask
                0x080008d6        0x8 build/13-03-flat-state-machine/kernel/src/hr_scheduler.o
 .text.hr_ready_set_highest_priority
                0x080008de       0x24 build/13-03-flat-state-machine/kernel/src/hr_scheduler.o
 .text.hr_ready_node_init
                0x08000902       0x12 build/13-03-flat-state-machine/kernel/src/hr_scheduler.o
                0x08000902                hr_ready_node_init
 .text.hr_ready_set_init
                0x08000914       0x2a build/13-03-flat-state-machine/kernel/src/hr_scheduler.o
                0x08000914                hr_ready_set_init
 .text.hr_ready_set_insert
                0x0800093e       0x52 build/13-03-flat-state-machine/kernel/src/hr_scheduler.o
                0x0800093e                hr_ready_set_insert
 .text.hr_ready_set_remove
                0x08000990       0x68 build/13-03-flat-state-machine/kernel/src/hr_scheduler.o
                0x08000990                hr_ready_set_remove
 .text.hr_ready_set_peek_highest
                0x080009f8       0x2e build/13-03-flat-state-machine/kernel/src/hr_scheduler.o
                0x080009f8                hr_ready_set_peek_highest
 .text.hr_ready_set_rotate_highest
                0x08000a26       0x50 build/13-03-flat-state-machine/kernel/src/hr_scheduler.o
                0x08000a26                hr_ready_set_rotate_highest
 .text.hr_scheduler_init
                0x08000a76        0xc build/13-03-flat-state-machine/kernel/src/hr_scheduler.o
                0x08000a76                hr_scheduler_init
 .text.hr_scheduler_add_ready
                0x08000a82        0xe build/13-03-flat-state-machine/kernel/src/hr_scheduler.o
                0x08000a82                hr_scheduler_add_ready
 .text.hr_scheduler_remove_ready
                0x08000a90        0xe build/13-03-flat-state-machine/kernel/src/hr_scheduler.o
                0x08000a90                hr_scheduler_remove_ready
 .text.hr_scheduler_select_highest
                0x08000a9e        0xa build/13-03-flat-state-machine/kernel/src/hr_scheduler.o
                0x08000a9e                hr_scheduler_select_highest
 .text.hr_scheduler_yield_current
                0x08000aa8       0x26 build/13-03-flat-state-machine/kernel/src/hr_scheduler.o
                0x08000aa8                hr_scheduler_yield_current
 .text.hr_scheduler_should_preempt
                0x08000ace       0x38 build/13-03-flat-state-machine/kernel/src/hr_scheduler.o
                0x08000ace                hr_scheduler_should_preempt
 .text.hr_scheduler_has_equal_priority_peer
                0x08000b06       0x3e build/13-03-flat-state-machine/kernel/src/hr_scheduler.o
                0x08000b06                hr_scheduler_has_equal_priority_peer
 .text.hr_wait_node_init
                0x08000b44       0x12 build/13-03-flat-state-machine/kernel/src/hr_wait.o
                0x08000b44                hr_wait_node_init
 .text.hr_wait_list_init
                0x08000b56        0xc build/13-03-flat-state-machine/kernel/src/hr_wait.o
                0x08000b56                hr_wait_list_init
 .text.hr_wait_list_is_empty
                0x08000b62       0x14 build/13-03-flat-state-machine/kernel/src/hr_wait.o
                0x08000b62                hr_wait_list_is_empty
 .text.hr_wait_list_insert
                0x08000b76       0x4e build/13-03-flat-state-machine/kernel/src/hr_wait.o
                0x08000b76                hr_wait_list_insert
 .text.hr_wait_list_remove
                0x08000bc4       0x20 build/13-03-flat-state-machine/kernel/src/hr_wait.o
                0x08000bc4                hr_wait_list_remove
 .text.hr_wait_list_peek
                0x08000be4        0xa build/13-03-flat-state-machine/kernel/src/hr_wait.o
                0x08000be4                hr_wait_list_peek
 .text.hr_timeout_insert_sorted
                0x08000bee       0x34 build/13-03-flat-state-machine/kernel/src/hr_timeout.o
 .text.hr_timeout_node_init
                0x08000c22       0x12 build/13-03-flat-state-machine/kernel/src/hr_timeout.o
                0x08000c22                hr_timeout_node_init
 .text.hr_timeout_list_init
                0x08000c34       0x24 build/13-03-flat-state-machine/kernel/src/hr_timeout.o
                0x08000c34                hr_timeout_list_init
 .text.hr_timeout_list_insert
                0x08000c58       0x4c build/13-03-flat-state-machine/kernel/src/hr_timeout.o
                0x08000c58                hr_timeout_list_insert
 .text.hr_timeout_list_remove
                0x08000ca4       0x32 build/13-03-flat-state-machine/kernel/src/hr_timeout.o
                0x08000ca4                hr_timeout_list_remove
 .text.hr_timeout_list_advance
                0x08000cd6       0x7a build/13-03-flat-state-machine/kernel/src/hr_timeout.o
                0x08000cd6                hr_timeout_list_advance
 .text.hr_task_zero_control_block
                0x08000d50       0x10 build/13-03-flat-state-machine/kernel/src/hr_task.o
 .text.hr_task_fill_stack
                0x08000d60       0x1c build/13-03-flat-state-machine/kernel/src/hr_task.o
 .text.hr_task_exit_error
                0x08000d7c        0x2 build/13-03-flat-state-machine/kernel/src/hr_task.o
                0x08000d7c                hr_task_exit_error
 .text.hr_task_control_block
                0x08000d7e        0x6 build/13-03-flat-state-machine/kernel/src/hr_task.o
                0x08000d7e                hr_task_control_block
 .text.hr_task_control_block_const
                0x08000d84        0x6 build/13-03-flat-state-machine/kernel/src/hr_task.o
                0x08000d84                hr_task_control_block_const
 *fill*         0x08000d8a        0x2 
 .text.hr_task_is_valid
                0x08000d8c       0x24 build/13-03-flat-state-machine/kernel/src/hr_task.o
                0x08000d8c                hr_task_is_valid
 .text.hr_task_transition_state
                0x08000db0       0x28 build/13-03-flat-state-machine/kernel/src/hr_task.o
                0x08000db0                hr_task_transition_state
 .text.hr_task_create_static
                0x08000dd8      0x120 build/13-03-flat-state-machine/kernel/src/hr_task.o
                0x08000dd8                hr_task_create_static
 .text.hr_task_start
                0x08000ef8       0x16 build/13-03-flat-state-machine/kernel/src/hr_task.o
                0x08000ef8                hr_task_start
 .text.hr_task_yield
                0x08000f0e       0x18 build/13-03-flat-state-machine/kernel/src/hr_task.o
                0x08000f0e                hr_task_yield
 .text.hr_task_delay
                0x08000f26       0x44 build/13-03-flat-state-machine/kernel/src/hr_task.o
                0x08000f26                hr_task_delay
 .text.hr_task_current
                0x08000f6a        0x8 build/13-03-flat-state-machine/kernel/src/hr_task.o
                0x08000f6a                hr_task_current
 .text.hr_port_initialize_stack
                0x08000f72       0x16 build/13-03-flat-state-machine/arch/arm/cortex-m3/hr_port.o
                0x08000f72                hr_port_initialize_stack
 .text.hr_port_configure_kernel_exceptions
                0x08000f88       0x34 build/13-03-flat-state-machine/arch/arm/cortex-m3/hr_port.o
                0x08000f88                hr_port_configure_kernel_exceptions
 .text.hr_port_request_context_switch
                0x08000fbc       0x16 build/13-03-flat-state-machine/arch/arm/cortex-m3/hr_port.o
                0x08000fbc                hr_port_request_context_switch
 .text.hr_port_wait_for_interrupt
                0x08000fd2        0x4 build/13-03-flat-state-machine/arch/arm/cortex-m3/hr_port.o
                0x08000fd2                hr_port_wait_for_interrupt
 .text.hr_port_enter_critical
                0x08000fd6       0x10 build/13-03-flat-state-machine/arch/arm/cortex-m3/hr_port.o
                0x08000fd6                hr_port_enter_critical
 .text.hr_port_exit_critical
                0x08000fe6        0xe build/13-03-flat-state-machine/arch/arm/cortex-m3/hr_port.o
                0x08000fe6                hr_port_exit_critical
 .text.hr_port_is_inside_isr
                0x08000ff4        0xc build/13-03-flat-state-machine/arch/arm/cortex-m3/hr_port.o
                0x08000ff4                hr_port_is_inside_isr
 .text.hr_port_yield_from_isr
                0x08001000        0xc build/13-03-flat-state-machine/arch/arm/cortex-m3/hr_port.o
                0x08001000                hr_port_yield_from_isr
 .text.hr_port_align_down
                0x0800100c        0x6 build/13-03-flat-state-machine/arch/arm/cortex-m3/hr_port_stack.o
 .text.hr_port_initialize_stack_raw
                0x08001012       0xb6 build/13-03-flat-state-machine/arch/arm/cortex-m3/hr_port_stack.o
                0x08001012                hr_port_initialize_stack_raw
 .text.hr_kernel_panic
                0x080010c8        0xc build/13-03-flat-state-machine/kernel/src/hr_kernel.o
 .text.hr_kernel_mark_switch_reason
                0x080010d4       0x10 build/13-03-flat-state-machine/kernel/src/hr_kernel.o
 .text.hr_kernel_reload_time_slice
                0x080010e4        0x8 build/13-03-flat-state-machine/kernel/src/hr_kernel.o
 .text.hr_idle_task
                0x080010ec        0x8 build/13-03-flat-state-machine/kernel/src/hr_kernel.o
 .text.hr_kernel_make_task_ready
                0x080010f4      0x124 build/13-03-flat-state-machine/kernel/src/hr_kernel.o
 .text.hr_kernel_init
                0x08001218       0xb0 build/13-03-flat-state-machine/kernel/src/hr_kernel.o
                0x08001218                hr_kernel_init
 .text.hr_kernel_register_task
                0x080012c8       0xcc build/13-03-flat-state-machine/kernel/src/hr_kernel.o
                0x080012c8                hr_kernel_register_task
 .text.hr_kernel_prepare_start
                0x08001394       0x78 build/13-03-flat-state-machine/kernel/src/hr_kernel.o
                0x08001394                hr_kernel_prepare_start
 .text.hr_kernel_request_yield
                0x0800140c       0x4c build/13-03-flat-state-machine/kernel/src/hr_kernel.o
                0x0800140c                hr_kernel_request_yield
 .text.hr_kernel_delay_current
                0x08001458       0xe4 build/13-03-flat-state-machine/kernel/src/hr_kernel.o
                0x08001458                hr_kernel_delay_current
 .text.hr_kernel_block_current_on_wait_list_ex
                0x0800153c      0x18c build/13-03-flat-state-machine/kernel/src/hr_kernel.o
                0x0800153c                hr_kernel_block_current_on_wait_list_ex
 .text.hr_kernel_block_current_on_wait_list
                0x080016c8       0x14 build/13-03-flat-state-machine/kernel/src/hr_kernel.o
                0x080016c8                hr_kernel_block_current_on_wait_list
 .text.hr_kernel_unblock_waiter
                0x080016dc       0x2c build/13-03-flat-state-machine/kernel/src/hr_kernel.o
                0x080016dc                hr_kernel_unblock_waiter
 .text.hr_kernel_select_next_from_pendsv
                0x08001708      0x12c build/13-03-flat-state-machine/kernel/src/hr_kernel.o
                0x08001708                hr_kernel_select_next_from_pendsv
 .text.hr_kernel_tick_from_isr
                0x08001834      0x174 build/13-03-flat-state-machine/kernel/src/hr_kernel.o
                0x08001834                hr_kernel_tick_from_isr
 .text.hr_kernel_start
                0x080019a8       0x1a build/13-03-flat-state-machine/kernel/src/hr_kernel.o
                0x080019a8                hr_kernel_start
 *fill*         0x080019c2        0x2 
 .text.hr_kernel_is_running
                0x080019c4       0x14 build/13-03-flat-state-machine/kernel/src/hr_kernel.o
                0x080019c4                hr_kernel_is_running
 .text.hr_kernel_current_task_internal
                0x080019d8        0xc build/13-03-flat-state-machine/kernel/src/hr_kernel.o
                0x080019d8                hr_kernel_current_task_internal
 .text.SysTick_Handler
                0x080019e4        0x8 build/13-03-flat-state-machine/kernel/src/hr_time.o
                0x080019e4                SysTick_Handler
 .text.hr_critical_enter
                0x080019ec        0x8 build/13-03-flat-state-machine/kernel/src/hr_context.o
                0x080019ec                hr_critical_enter
 .text.hr_critical_exit
                0x080019f4        0x8 build/13-03-flat-state-machine/kernel/src/hr_context.o
                0x080019f4                hr_critical_exit
 .text.hr_queue_zero_control_block
                0x080019fc       0x10 build/13-03-flat-state-machine/kernel/src/hr_queue.o
 .text.hr_queue_copy
                0x08001a0c       0x14 build/13-03-flat-state-machine/kernel/src/hr_queue.o
 .text.hr_queue_slot
                0x08001a20        0xa build/13-03-flat-state-machine/kernel/src/hr_queue.o
 .text.hr_queue_multiply_fits
                0x08001a2a       0x1c build/13-03-flat-state-machine/kernel/src/hr_queue.o
 .text.hr_queue_waiter_task
                0x08001a46       0x1e build/13-03-flat-state-machine/kernel/src/hr_queue.o
 .text.hr_queue_wake_receiver
                0x08001a64       0x52 build/13-03-flat-state-machine/kernel/src/hr_queue.o
 .text.hr_queue_send_locked
                0x08001ab6       0x90 build/13-03-flat-state-machine/kernel/src/hr_queue.o
 .text.hr_queue_fill_from_waiting_sender
                0x08001b46       0x7a build/13-03-flat-state-machine/kernel/src/hr_queue.o
 .text.hr_queue_receive_locked
                0x08001bc0       0xc6 build/13-03-flat-state-machine/kernel/src/hr_queue.o
 .text.hr_queue_control_block
                0x08001c86        0x6 build/13-03-flat-state-machine/kernel/src/hr_queue.o
                0x08001c86                hr_queue_control_block
 .text.hr_queue_control_block_const
                0x08001c8c        0x6 build/13-03-flat-state-machine/kernel/src/hr_queue.o
                0x08001c8c                hr_queue_control_block_const
 *fill*         0x08001c92        0x2 
 .text.hr_queue_is_valid
                0x08001c94       0x58 build/13-03-flat-state-machine/kernel/src/hr_queue.o
                0x08001c94                hr_queue_is_valid
 .text.hr_queue_create_static
                0x08001cec       0x6c build/13-03-flat-state-machine/kernel/src/hr_queue.o
                0x08001cec                hr_queue_create_static
 .text.hr_queue_send
                0x08001d58       0x98 build/13-03-flat-state-machine/kernel/src/hr_queue.o
                0x08001d58                hr_queue_send
 .text.hr_queue_receive
                0x08001df0       0x98 build/13-03-flat-state-machine/kernel/src/hr_queue.o
                0x08001df0                hr_queue_receive
 .text.hr_semaphore_give_locked
                0x08001e88       0x34 build/13-03-flat-state-machine/kernel/src/hr_semaphore.o
 .text.hr_semaphore_control_block
                0x08001ebc        0x6 build/13-03-flat-state-machine/kernel/src/hr_semaphore.o
                0x08001ebc                hr_semaphore_control_block
 .text.hr_semaphore_control_block_const
                0x08001ec2        0x6 build/13-03-flat-state-machine/kernel/src/hr_semaphore.o
                0x08001ec2                hr_semaphore_control_block_const
 .text.hr_semaphore_is_valid
                0x08001ec8       0x34 build/13-03-flat-state-machine/kernel/src/hr_semaphore.o
                0x08001ec8                hr_semaphore_is_valid
 .text.hr_semaphore_give_from_isr
                0x08001efc       0x52 build/13-03-flat-state-machine/kernel/src/hr_semaphore.o
                0x08001efc                hr_semaphore_give_from_isr
 *fill*         0x08001f4e        0x2 
 .text.hr_timer_arm_locked
                0x08001f50       0x1c build/13-03-flat-state-machine/kernel/src/hr_timer.o
 .text.hr_timer_control_block
                0x08001f6c        0x6 build/13-03-flat-state-machine/kernel/src/hr_timer.o
                0x08001f6c                hr_timer_control_block
 .text.hr_timer_control_block_const
                0x08001f72        0x6 build/13-03-flat-state-machine/kernel/src/hr_timer.o
                0x08001f72                hr_timer_control_block_const
 .text.hr_timer_is_valid
                0x08001f78       0x44 build/13-03-flat-state-machine/kernel/src/hr_timer.o
                0x08001f78                hr_timer_is_valid
 .text.hr_timer_system_reset
                0x08001fbc        0xc build/13-03-flat-state-machine/kernel/src/hr_timer.o
                0x08001fbc                hr_timer_system_reset
 .text.hr_timer_tick_from_isr
                0x08001fc8       0xd0 build/13-03-flat-state-machine/kernel/src/hr_timer.o
                0x08001fc8                hr_timer_tick_from_isr
 .text.he_zero_bytes
                0x08002098       0x10 build/13-03-flat-state-machine/hairevent/src/he_event.o
 .text.he_event_pool_control_block
                0x080020a8        0x6 build/13-03-flat-state-machine/hairevent/src/he_event.o
                0x080020a8                he_event_pool_control_block
 .text.he_event_pool_control_block_const
                0x080020ae        0x6 build/13-03-flat-state-machine/hairevent/src/he_event.o
                0x080020ae                he_event_pool_control_block_const
 .text.he_event_pool_is_valid
                0x080020b4       0x44 build/13-03-flat-state-machine/hairevent/src/he_event.o
                0x080020b4                he_event_pool_is_valid
 .text.he_event_init_static
                0x080020f8       0x44 build/13-03-flat-state-machine/hairevent/src/he_event.o
                0x080020f8                he_event_init_static
 .text.he_event_is_valid
                0x0800213c       0x6c build/13-03-flat-state-machine/hairevent/src/he_event.o
                0x0800213c                he_event_is_valid
 .text.he_event_is_dynamic
                0x080021a8       0x1c build/13-03-flat-state-machine/hairevent/src/he_event.o
                0x080021a8                he_event_is_dynamic
 .text.he_event_release
                0x080021c4       0x64 build/13-03-flat-state-machine/hairevent/src/he_event.o
                0x080021c4                he_event_release
 .text.he_zero_bytes
                0x08002228       0x10 build/13-03-flat-state-machine/hairevent/src/he_state_machine.o
 .text.he_state_machine_control_block
                0x08002238        0x6 build/13-03-flat-state-machine/hairevent/src/he_state_machine.o
                0x08002238                he_state_machine_control_block
 .text.he_dispatch_reserved
                0x0800223e       0x36 build/13-03-flat-state-machine/hairevent/src/he_state_machine.o
 .text.he_apply_transition
                0x08002274       0x84 build/13-03-flat-state-machine/hairevent/src/he_state_machine.o
 .text.he_state_machine_control_block_const
                0x080022f8        0x6 build/13-03-flat-state-machine/hairevent/src/he_state_machine.o
                0x080022f8                he_state_machine_control_block_const
 *fill*         0x080022fe        0x2 
 .text.he_state_machine_is_valid
                0x08002300       0x28 build/13-03-flat-state-machine/hairevent/src/he_state_machine.o
                0x08002300                he_state_machine_is_valid
 .text.he_state_machine_init
                0x08002328       0x40 build/13-03-flat-state-machine/hairevent/src/he_state_machine.o
                0x08002328                he_state_machine_init
 .text.he_state_machine_is_started
                0x08002368       0x22 build/13-03-flat-state-machine/hairevent/src/he_state_machine.o
                0x08002368                he_state_machine_is_started
 .text.he_state_transition
                0x0800238a       0x24 build/13-03-flat-state-machine/hairevent/src/he_state_machine.o
                0x0800238a                he_state_transition
 .text.he_state_machine_start
                0x080023ae       0x78 build/13-03-flat-state-machine/hairevent/src/he_state_machine.o
                0x080023ae                he_state_machine_start
 .text.he_state_machine_dispatch
                0x08002426       0x54 build/13-03-flat-state-machine/hairevent/src/he_state_machine.o
                0x08002426                he_state_machine_dispatch
 .text.he_zero_bytes
                0x0800247a       0x10 build/13-03-flat-state-machine/hairevent/src/he_active.o
 .text.he_active_control_block
                0x0800248a        0x6 build/13-03-flat-state-machine/hairevent/src/he_active.o
                0x0800248a                he_active_control_block
 .text.he_active_control_block_const
                0x08002490        0x6 build/13-03-flat-state-machine/hairevent/src/he_active.o
                0x08002490                he_active_control_block_const
 *fill*         0x08002496        0x2 
 .text.he_active_is_valid
                0x08002498       0x54 build/13-03-flat-state-machine/hairevent/src/he_active.o
                0x08002498                he_active_is_valid
 .text.he_active_task_entry
                0x080024ec       0x64 build/13-03-flat-state-machine/hairevent/src/he_active.o
 .text.he_active_create_static
                0x08002550       0xc8 build/13-03-flat-state-machine/hairevent/src/he_active.o
                0x08002550                he_active_create_static
 .text.he_active_post
                0x08002618       0x34 build/13-03-flat-state-machine/hairevent/src/he_active.o
                0x08002618                he_active_post
 .text.Reset_Handler
                0x0800264c       0x44 build/13-03-flat-state-machine/soc/stm32f1/startup_stm32f103.o
                0x0800264c                Reset_Handler
 .text.Default_Handler
                0x08002690        0x4 build/13-03-flat-state-machine/soc/stm32f1/startup_stm32f103.o
                0x08002690                EXTI2_IRQHandler
                0x08002690                DebugMon_Handler
                0x08002690                TIM1_CC_IRQHandler
                0x08002690                PVD_IRQHandler
                0x08002690                NMI_Handler
                0x08002690                EXTI3_IRQHandler
                0x08002690                EXTI0_IRQHandler
                0x08002690                I2C2_EV_IRQHandler
                0x08002690                ADC1_2_IRQHandler
                0x08002690                SPI1_IRQHandler
                0x08002690                TAMPER_IRQHandler
                0x08002690                DMA1_Channel4_IRQHandler
                0x08002690                USART3_IRQHandler
                0x08002690                RTC_IRQHandler
                0x08002690                DMA1_Channel7_IRQHandler
                0x08002690                CAN1_RX1_IRQHandler
                0x08002690                TIM4_IRQHandler
                0x08002690                I2C1_EV_IRQHandler
                0x08002690                DMA1_Channel6_IRQHandler
                0x08002690                TIM3_IRQHandler
                0x08002690                RCC_IRQHandler
                0x08002690                TIM1_TRG_COM_IRQHandler
                0x08002690                DMA1_Channel1_IRQHandler
                0x08002690                EXTI15_10_IRQHandler
                0x08002690                EXTI9_5_IRQHandler
                0x08002690                SPI2_IRQHandler
                0x08002690                DMA1_Channel5_IRQHandler
                0x08002690                EXTI4_IRQHandler
                0x08002690                USB_LP_CAN1_RX0_IRQHandler
                0x08002690                USB_HP_CAN1_TX_IRQHandler
                0x08002690                DMA1_Channel3_IRQHandler
                0x08002690                TIM1_UP_IRQHandler
                0x08002690                WWDG_IRQHandler
                0x08002690                TIM2_IRQHandler
                0x08002690                TIM1_BRK_IRQHandler
                0x08002690                EXTI1_IRQHandler
                0x08002690                RTCAlarm_IRQHandler
                0x08002690                USART2_IRQHandler
                0x08002690                I2C2_ER_IRQHandler
                0x08002690                DMA1_Channel2_IRQHandler
                0x08002690                CAN1_SCE_IRQHandler
                0x08002690                FLASH_IRQHandler
                0x08002690                USART1_IRQHandler
                0x08002690                I2C1_ER_IRQHandler
                0x08002690                USBWakeUp_IRQHandler
 *(.rodata)
 *(.rodata*)
 .rodata.divisors.0
                0x08002694        0x8 build/13-03-flat-state-machine/soc/stm32f1/stm32f1_clock.o
 .rodata.divisors.1
                0x0800269c       0x20 build/13-03-flat-state-machine/soc/stm32f1/stm32f1_clock.o
 .rodata.board_uart_write_line.str1.4
                0x080026bc      0x171 build/13-03-flat-state-machine/boards/bluepill_f103c8/board.o
                                  0x3 (size before relaxing)
 .rodata.board_print_boot_banner.str1.4
                0x0800282d       0xa8 build/13-03-flat-state-machine/boards/bluepill_f103c8/board.o
 .rodata.controller_task.str1.4
                0x0800282d       0x34 build/13-03-flat-state-machine/examples/13-03-flat-state-machine/main.o
 .rodata.state_off.str1.4
                0x0800282d       0x24 build/13-03-flat-state-machine/examples/13-03-flat-state-machine/main.o
 .rodata.state_on.str1.4
                0x0800282d       0x1f build/13-03-flat-state-machine/examples/13-03-flat-state-machine/main.o
 .rodata.main.str1.4
                0x0800282d       0x4a build/13-03-flat-state-machine/examples/13-03-flat-state-machine/main.o
 .rodata.hr_kernel_init.str1.4
                0x0800282d        0x5 build/13-03-flat-state-machine/kernel/src/hr_kernel.o
 *(.init)
 *(.fini)
                0x080028d8                        . = ALIGN (0x4)
 *fill*         0x0800282d        0x3 
                0x08002830                        _etext = .

.glue_7         0x08002830        0x0
 .glue_7        0x08002830        0x0 linker stubs

.glue_7t        0x08002830        0x0
 .glue_7t       0x08002830        0x0 linker stubs

.vfp11_veneer   0x08002830        0x0
 .vfp11_veneer  0x08002830        0x0 linker stubs

.v4_bx          0x08002830        0x0
 .v4_bx         0x08002830        0x0 linker stubs

.iplt           0x08002830        0x0
 .iplt          0x08002830        0x0 build/13-03-flat-state-machine/soc/stm32f1/system_stm32f1.o

.rel.dyn        0x08002830        0x0
 .rel.iplt      0x08002830        0x0 build/13-03-flat-state-machine/soc/stm32f1/system_stm32f1.o

.ARM.extab
 *(.ARM.extab* .gnu.linkonce.armextab.*)

.ARM.exidx      0x08002830        0x0
                0x08002830                        __exidx_start = .
 *(.ARM.exidx*)
                0x08002830                        __exidx_end = .
                0x08002830                        _sidata = LOADADDR (.data)

.data           0x20000000        0x4 load address 0x08002830
                0x20000000                        . = ALIGN (0x4)
                0x20000000                        _sdata = .
 *(.data)
 *(.data*)
 .data.SystemCoreClock
                0x20000000        0x4 build/13-03-flat-state-machine/soc/stm32f1/system_stm32f1.o
                0x20000000                SystemCoreClock
                0x20000004                        . = ALIGN (0x4)
                0x20000004                        _edata = .

.igot.plt       0x20000004        0x0 load address 0x08002834
 .igot.plt      0x20000004        0x0 build/13-03-flat-state-machine/soc/stm32f1/system_stm32f1.o

.bss            0x20000008     0x10e8 load address 0x08002834
                0x20000008                        . = ALIGN (0x4)
                0x20000008                        _sbss = .
                0x20000008                        __bss_start__ = .
 *(.bss)
 *(.bss*)
 .bss.g_millisecond_tick
                0x20000008        0x4 build/13-03-flat-state-machine/drivers/timer/src/hr_hw_timer_stm32f1.o
 .bss.g_toggle_event
                0x2000000c       0x10 build/13-03-flat-state-machine/examples/13-03-flat-state-machine/main.o
 .bss.g_controller_stack
                0x2000001c      0x380 build/13-03-flat-state-machine/examples/13-03-flat-state-machine/main.o
 *fill*         0x2000039c        0x4 
 .bss.g_controller
                0x200003a0      0x180 build/13-03-flat-state-machine/examples/13-03-flat-state-machine/main.o
 .bss.g_switch_stack
                0x20000520      0x380 build/13-03-flat-state-machine/examples/13-03-flat-state-machine/main.o
 .bss.g_queue   0x200008a0       0x10 build/13-03-flat-state-machine/examples/13-03-flat-state-machine/main.o
 .bss.g_switch  0x200008b0      0x300 build/13-03-flat-state-machine/examples/13-03-flat-state-machine/main.o
 .bss.g_hr_current_task_control_block
                0x20000bb0        0x4 build/13-03-flat-state-machine/kernel/src/hr_kernel.o
                0x20000bb0                g_hr_current_task_control_block
 .bss.g_idle_stack
                0x20000bb4      0x200 build/13-03-flat-state-machine/kernel/src/hr_kernel.o
 *fill*         0x20000db4        0x4 
 .bss.g_idle_task
                0x20000db8      0x180 build/13-03-flat-state-machine/kernel/src/hr_kernel.o
 .bss.g_switch_reasons
                0x20000f38        0x4 build/13-03-flat-state-machine/kernel/src/hr_kernel.o
 .bss.g_kernel_tick
                0x20000f3c        0x4 build/13-03-flat-state-machine/kernel/src/hr_kernel.o
 .bss.g_task_count
                0x20000f40        0x4 build/13-03-flat-state-machine/kernel/src/hr_kernel.o
 .bss.g_current_task
                0x20000f44        0x4 build/13-03-flat-state-machine/kernel/src/hr_kernel.o
 .bss.g_timeout_list
                0x20000f48       0x38 build/13-03-flat-state-machine/kernel/src/hr_kernel.o
 .bss.g_all_tasks
                0x20000f80       0x14 build/13-03-flat-state-machine/kernel/src/hr_kernel.o
 .bss.g_scheduler
                0x20000f94       0xa8 build/13-03-flat-state-machine/kernel/src/hr_kernel.o
 .bss.g_kernel_state
                0x2000103c        0x1 build/13-03-flat-state-machine/kernel/src/hr_kernel.o
 *fill*         0x2000103d        0x3 
 .bss.g_timer_signal
                0x20001040       0x60 build/13-03-flat-state-machine/kernel/src/hr_timer.o
 .bss.g_pending_timers
                0x200010a0       0x14 build/13-03-flat-state-machine/kernel/src/hr_timer.o
 .bss.g_timer_timeouts
                0x200010b4       0x38 build/13-03-flat-state-machine/kernel/src/hr_timer.o
 .bss.g_timer_system_initialized
                0x200010ec        0x1 build/13-03-flat-state-machine/kernel/src/hr_timer.o
 *(COMMON)
                0x200010f0                        . = ALIGN (0x4)
 *fill*         0x200010ed        0x3 
                0x200010f0                        _ebss = .
                0x200010f0                        __bss_end__ = .

.heap           0x200010f0        0x0 load address 0x08002834
                0x200010f0                        . = ALIGN (0x8)
                0x200010f0                        __end__ = .
                0x200010f0                        end = __end__
                0x200010f0                        . = (. + _Min_Heap_Size)
                0x200010f0                        __heap_end__ = .

/DISCARD/
 *(.comment)
 *(.note*)
                0x00000001                        ASSERT ((__heap_end__ <= _sstack), RAM overflow: data/heap collides with reserved main stack)
OUTPUT(build/13-03-flat-state-machine/hairtos_baremetal.elf elf32-littlearm)
LOAD linker stubs

.ARM.attributes
                0x00000000       0x2b
 .ARM.attributes
                0x00000000       0x2d build/13-03-flat-state-machine/soc/stm32f1/system_stm32f1.o
 .ARM.attributes
                0x0000002d       0x2d build/13-03-flat-state-machine/soc/stm32f1/stm32f1_clock.o
 .ARM.attributes
                0x0000005a       0x2d build/13-03-flat-state-machine/soc/stm32f1/stm32f1_irq.o
 .ARM.attributes
                0x00000087       0x2d build/13-03-flat-state-machine/boards/bluepill_f103c8/board.o
 .ARM.attributes
                0x000000b4       0x2d build/13-03-flat-state-machine/boards/bluepill_f103c8/board_clock.o
 .ARM.attributes
                0x000000e1       0x2d build/13-03-flat-state-machine/drivers/gpio/src/hr_gpio_stm32f1.o
 .ARM.attributes
                0x0000010e       0x2d build/13-03-flat-state-machine/drivers/uart/src/hr_uart_stm32f1.o
 .ARM.attributes
                0x0000013b       0x2d build/13-03-flat-state-machine/drivers/timer/src/hr_hw_timer_stm32f1.o
 .ARM.attributes
                0x00000168       0x2d build/13-03-flat-state-machine/examples/13-03-flat-state-machine/main.o
 .ARM.attributes
                0x00000195       0x2d build/13-03-flat-state-machine/kernel/src/hr_list.o
 .ARM.attributes
                0x000001c2       0x2d build/13-03-flat-state-machine/kernel/src/hr_scheduler.o
 .ARM.attributes
                0x000001ef       0x2d build/13-03-flat-state-machine/kernel/src/hr_wait.o
 .ARM.attributes
                0x0000021c       0x2d build/13-03-flat-state-machine/kernel/src/hr_timeout.o
 .ARM.attributes
                0x00000249       0x2d build/13-03-flat-state-machine/kernel/src/hr_task.o
 .ARM.attributes
                0x00000276       0x2d build/13-03-flat-state-machine/arch/arm/cortex-m3/hr_port.o
 .ARM.attributes
                0x000002a3       0x2d build/13-03-flat-state-machine/arch/arm/cortex-m3/hr_port_stack.o
 .ARM.attributes
                0x000002d0       0x2d build/13-03-flat-state-machine/kernel/src/hr_kernel.o
 .ARM.attributes
                0x000002fd       0x2d build/13-03-flat-state-machine/kernel/src/hr_time.o
 .ARM.attributes
                0x0000032a       0x2d build/13-03-flat-state-machine/kernel/src/hr_context.o
 .ARM.attributes
                0x00000357       0x2d build/13-03-flat-state-machine/kernel/src/hr_queue.o
 .ARM.attributes
                0x00000384       0x2d build/13-03-flat-state-machine/kernel/src/hr_semaphore.o
 .ARM.attributes
                0x000003b1       0x2d build/13-03-flat-state-machine/kernel/src/hr_timer.o
 .ARM.attributes
                0x000003de       0x2d build/13-03-flat-state-machine/hairevent/src/he_event.o
 .ARM.attributes
                0x0000040b       0x2d build/13-03-flat-state-machine/hairevent/src/he_state_machine.o
 .ARM.attributes
                0x00000438       0x2d build/13-03-flat-state-machine/hairevent/src/he_active.o
 .ARM.attributes
                0x00000465       0x21 build/13-03-flat-state-machine/soc/stm32f1/startup_stm32f103.o
 .ARM.attributes
                0x00000486       0x21 build/13-03-flat-state-machine/arch/arm/cortex-m3/hr_portasm.o

.debug_info     0x00000000     0xda8b
 .debug_info    0x00000000      0x2df build/13-03-flat-state-machine/soc/stm32f1/system_stm32f1.o
 .debug_info    0x000002df      0x476 build/13-03-flat-state-machine/soc/stm32f1/stm32f1_clock.o
 .debug_info    0x00000755      0x13b build/13-03-flat-state-machine/soc/stm32f1/stm32f1_irq.o
 .debug_info    0x00000890      0x5c4 build/13-03-flat-state-machine/boards/bluepill_f103c8/board.o
 .debug_info    0x00000e54       0xc1 build/13-03-flat-state-machine/boards/bluepill_f103c8/board_clock.o
 .debug_info    0x00000f15      0x572 build/13-03-flat-state-machine/drivers/gpio/src/hr_gpio_stm32f1.o
 .debug_info    0x00001487      0x304 build/13-03-flat-state-machine/drivers/uart/src/hr_uart_stm32f1.o
 .debug_info    0x0000178b      0x19c build/13-03-flat-state-machine/drivers/timer/src/hr_hw_timer_stm32f1.o
 .debug_info    0x00001927      0x84e build/13-03-flat-state-machine/examples/13-03-flat-state-machine/main.o
 .debug_info    0x00002175      0x67b build/13-03-flat-state-machine/kernel/src/hr_list.o
 .debug_info    0x000027f0      0xc18 build/13-03-flat-state-machine/kernel/src/hr_scheduler.o
 .debug_info    0x00003408      0x6f3 build/13-03-flat-state-machine/kernel/src/hr_wait.o
 .debug_info    0x00003afb      0x88d build/13-03-flat-state-machine/kernel/src/hr_timeout.o
 .debug_info    0x00004388     0x1190 build/13-03-flat-state-machine/kernel/src/hr_task.o
 .debug_info    0x00005518      0x341 build/13-03-flat-state-machine/arch/arm/cortex-m3/hr_port.o
 .debug_info    0x00005859      0x1e5 build/13-03-flat-state-machine/arch/arm/cortex-m3/hr_port_stack.o
 .debug_info    0x00005a3e     0x1f72 build/13-03-flat-state-machine/kernel/src/hr_kernel.o
 .debug_info    0x000079b0       0xeb build/13-03-flat-state-machine/kernel/src/hr_time.o
 .debug_info    0x00007a9b      0x18f build/13-03-flat-state-machine/kernel/src/hr_context.o
 .debug_info    0x00007c2a     0x17d3 build/13-03-flat-state-machine/kernel/src/hr_queue.o
 .debug_info    0x000093fd      0xe60 build/13-03-flat-state-machine/kernel/src/hr_semaphore.o
 .debug_info    0x0000a25d     0x1428 build/13-03-flat-state-machine/kernel/src/hr_timer.o
 .debug_info    0x0000b685      0x8eb build/13-03-flat-state-machine/hairevent/src/he_event.o
 .debug_info    0x0000bf70      0xa3f build/13-03-flat-state-machine/hairevent/src/he_state_machine.o
 .debug_info    0x0000c9af      0xdb2 build/13-03-flat-state-machine/hairevent/src/he_active.o
 .debug_info    0x0000d761      0x2e3 build/13-03-flat-state-machine/soc/stm32f1/startup_stm32f103.o
 .debug_info    0x0000da44       0x47 build/13-03-flat-state-machine/arch/arm/cortex-m3/hr_portasm.o

.debug_abbrev   0x00000000     0x2cb1
 .debug_abbrev  0x00000000      0x10b build/13-03-flat-state-machine/soc/stm32f1/system_stm32f1.o
 .debug_abbrev  0x0000010b      0x191 build/13-03-flat-state-machine/soc/stm32f1/stm32f1_clock.o
 .debug_abbrev  0x0000029c       0x96 build/13-03-flat-state-machine/soc/stm32f1/stm32f1_irq.o
 .debug_abbrev  0x00000332      0x1a0 build/13-03-flat-state-machine/boards/bluepill_f103c8/board.o
 .debug_abbrev  0x000004d2       0x6a build/13-03-flat-state-machine/boards/bluepill_f103c8/board_clock.o
 .debug_abbrev  0x0000053c      0x183 build/13-03-flat-state-machine/drivers/gpio/src/hr_gpio_stm32f1.o
 .debug_abbrev  0x000006bf      0x156 build/13-03-flat-state-machine/drivers/uart/src/hr_uart_stm32f1.o
 .debug_abbrev  0x00000815      0x13f build/13-03-flat-state-machine/drivers/timer/src/hr_hw_timer_stm32f1.o
 .debug_abbrev  0x00000954      0x28a build/13-03-flat-state-machine/examples/13-03-flat-state-machine/main.o
 .debug_abbrev  0x00000bde      0x140 build/13-03-flat-state-machine/kernel/src/hr_list.o
 .debug_abbrev  0x00000d1e      0x212 build/13-03-flat-state-machine/kernel/src/hr_scheduler.o
 .debug_abbrev  0x00000f30      0x187 build/13-03-flat-state-machine/kernel/src/hr_wait.o
 .debug_abbrev  0x000010b7      0x1d2 build/13-03-flat-state-machine/kernel/src/hr_timeout.o
 .debug_abbrev  0x00001289      0x2e4 build/13-03-flat-state-machine/kernel/src/hr_task.o
 .debug_abbrev  0x0000156d      0x146 build/13-03-flat-state-machine/arch/arm/cortex-m3/hr_port.o
 .debug_abbrev  0x000016b3       0xb6 build/13-03-flat-state-machine/arch/arm/cortex-m3/hr_port_stack.o
 .debug_abbrev  0x00001769      0x38f build/13-03-flat-state-machine/kernel/src/hr_kernel.o
 .debug_abbrev  0x00001af8       0xa2 build/13-03-flat-state-machine/kernel/src/hr_time.o
 .debug_abbrev  0x00001b9a       0xf4 build/13-03-flat-state-machine/kernel/src/hr_context.o
 .debug_abbrev  0x00001c8e      0x314 build/13-03-flat-state-machine/kernel/src/hr_queue.o
 .debug_abbrev  0x00001fa2      0x289 build/13-03-flat-state-machine/kernel/src/hr_semaphore.o
 .debug_abbrev  0x0000222b      0x344 build/13-03-flat-state-machine/kernel/src/hr_timer.o
 .debug_abbrev  0x0000256f      0x207 build/13-03-flat-state-machine/hairevent/src/he_event.o
 .debug_abbrev  0x00002776      0x23b build/13-03-flat-state-machine/hairevent/src/he_state_machine.o
 .debug_abbrev  0x000029b1      0x2b2 build/13-03-flat-state-machine/hairevent/src/he_active.o
 .debug_abbrev  0x00002c63       0x26 build/13-03-flat-state-machine/soc/stm32f1/startup_stm32f103.o
 .debug_abbrev  0x00002c89       0x28 build/13-03-flat-state-machine/arch/arm/cortex-m3/hr_portasm.o

.debug_aranges  0x00000000      0xb28
 .debug_aranges
                0x00000000       0x30 build/13-03-flat-state-machine/soc/stm32f1/system_stm32f1.o
 .debug_aranges
                0x00000030       0x50 build/13-03-flat-state-machine/soc/stm32f1/stm32f1_clock.o
 .debug_aranges
                0x00000080       0x40 build/13-03-flat-state-machine/soc/stm32f1/stm32f1_irq.o
 .debug_aranges
                0x000000c0       0x78 build/13-03-flat-state-machine/boards/bluepill_f103c8/board.o
 .debug_aranges
                0x00000138       0x28 build/13-03-flat-state-machine/boards/bluepill_f103c8/board_clock.o
 .debug_aranges
                0x00000160       0x60 build/13-03-flat-state-machine/drivers/gpio/src/hr_gpio_stm32f1.o
 .debug_aranges
                0x000001c0       0x38 build/13-03-flat-state-machine/drivers/uart/src/hr_uart_stm32f1.o
 .debug_aranges
                0x000001f8       0x38 build/13-03-flat-state-machine/drivers/timer/src/hr_hw_timer_stm32f1.o
 .debug_aranges
                0x00000230       0x38 build/13-03-flat-state-machine/examples/13-03-flat-state-machine/main.o
 .debug_aranges
                0x00000268       0xa8 build/13-03-flat-state-machine/kernel/src/hr_list.o
 .debug_aranges
                0x00000310       0xd0 build/13-03-flat-state-machine/kernel/src/hr_scheduler.o
 .debug_aranges
                0x000003e0       0x60 build/13-03-flat-state-machine/kernel/src/hr_wait.o
 .debug_aranges
                0x00000440       0x70 build/13-03-flat-state-machine/kernel/src/hr_timeout.o
 .debug_aranges
                0x000004b0       0xc8 build/13-03-flat-state-machine/kernel/src/hr_task.o
 .debug_aranges
                0x00000578       0x60 build/13-03-flat-state-machine/arch/arm/cortex-m3/hr_port.o
 .debug_aranges
                0x000005d8       0x28 build/13-03-flat-state-machine/arch/arm/cortex-m3/hr_port_stack.o
 .debug_aranges
                0x00000600       0xe0 build/13-03-flat-state-machine/kernel/src/hr_kernel.o
 .debug_aranges
                0x000006e0       0x28 build/13-03-flat-state-machine/kernel/src/hr_time.o
 .debug_aranges
                0x00000708       0x38 build/13-03-flat-state-machine/kernel/src/hr_context.o
 .debug_aranges
                0x00000740       0xc8 build/13-03-flat-state-machine/kernel/src/hr_queue.o
 .debug_aranges
                0x00000808       0x88 build/13-03-flat-state-machine/kernel/src/hr_semaphore.o
 .debug_aranges
                0x00000890       0xc0 build/13-03-flat-state-machine/kernel/src/hr_timer.o
 .debug_aranges
                0x00000950       0x88 build/13-03-flat-state-machine/hairevent/src/he_event.o
 .debug_aranges
                0x000009d8       0x88 build/13-03-flat-state-machine/hairevent/src/he_state_machine.o
 .debug_aranges
                0x00000a60       0x80 build/13-03-flat-state-machine/hairevent/src/he_active.o
 .debug_aranges
                0x00000ae0       0x28 build/13-03-flat-state-machine/soc/stm32f1/startup_stm32f103.o
 .debug_aranges
                0x00000b08       0x20 build/13-03-flat-state-machine/arch/arm/cortex-m3/hr_portasm.o

.debug_rnglists
                0x00000000      0x842
 .debug_rnglists
                0x00000000       0x1f build/13-03-flat-state-machine/soc/stm32f1/system_stm32f1.o
 .debug_rnglists
                0x0000001f       0x37 build/13-03-flat-state-machine/soc/stm32f1/stm32f1_clock.o
 .debug_rnglists
                0x00000056       0x2b build/13-03-flat-state-machine/soc/stm32f1/stm32f1_irq.o
 .debug_rnglists
                0x00000081       0x55 build/13-03-flat-state-machine/boards/bluepill_f103c8/board.o
 .debug_rnglists
                0x000000d6       0x19 build/13-03-flat-state-machine/boards/bluepill_f103c8/board_clock.o
 .debug_rnglists
                0x000000ef       0x43 build/13-03-flat-state-machine/drivers/gpio/src/hr_gpio_stm32f1.o
 .debug_rnglists
                0x00000132       0x25 build/13-03-flat-state-machine/drivers/uart/src/hr_uart_stm32f1.o
 .debug_rnglists
                0x00000157       0x25 build/13-03-flat-state-machine/drivers/timer/src/hr_hw_timer_stm32f1.o
 .debug_rnglists
                0x0000017c       0x26 build/13-03-flat-state-machine/examples/13-03-flat-state-machine/main.o
 .debug_rnglists
                0x000001a2       0x7a build/13-03-flat-state-machine/kernel/src/hr_list.o
 .debug_rnglists
                0x0000021c       0x97 build/13-03-flat-state-machine/kernel/src/hr_scheduler.o
 .debug_rnglists
                0x000002b3       0x4f build/13-03-flat-state-machine/kernel/src/hr_wait.o
 .debug_rnglists
                0x00000302       0x73 build/13-03-flat-state-machine/kernel/src/hr_timeout.o
 .debug_rnglists
                0x00000375       0x92 build/13-03-flat-state-machine/kernel/src/hr_task.o
 .debug_rnglists
                0x00000407       0x43 build/13-03-flat-state-machine/arch/arm/cortex-m3/hr_port.o
 .debug_rnglists
                0x0000044a       0x1a build/13-03-flat-state-machine/arch/arm/cortex-m3/hr_port_stack.o
 .debug_rnglists
                0x00000464       0xba build/13-03-flat-state-machine/kernel/src/hr_kernel.o
 .debug_rnglists
                0x0000051e       0x19 build/13-03-flat-state-machine/kernel/src/hr_time.o
 .debug_rnglists
                0x00000537       0x25 build/13-03-flat-state-machine/kernel/src/hr_context.o
 .debug_rnglists
                0x0000055c       0x95 build/13-03-flat-state-machine/kernel/src/hr_queue.o
 .debug_rnglists
                0x000005f1       0x62 build/13-03-flat-state-machine/kernel/src/hr_semaphore.o
 .debug_rnglists
                0x00000653       0x9b build/13-03-flat-state-machine/kernel/src/hr_timer.o
 .debug_rnglists
                0x000006ee       0x6e build/13-03-flat-state-machine/hairevent/src/he_event.o
 .debug_rnglists
                0x0000075c       0x71 build/13-03-flat-state-machine/hairevent/src/he_state_machine.o
 .debug_rnglists
                0x000007cd       0x5c build/13-03-flat-state-machine/hairevent/src/he_active.o
 .debug_rnglists
                0x00000829       0x19 build/13-03-flat-state-machine/soc/stm32f1/startup_stm32f103.o

.debug_macro    0x00000000     0x229d
 .debug_macro   0x00000000       0x3b build/13-03-flat-state-machine/soc/stm32f1/system_stm32f1.o
 .debug_macro   0x0000003b      0xacc build/13-03-flat-state-machine/soc/stm32f1/system_stm32f1.o
 .debug_macro   0x00000b07       0x22 build/13-03-flat-state-machine/soc/stm32f1/system_stm32f1.o
 .debug_macro   0x00000b29      0x190 build/13-03-flat-state-machine/soc/stm32f1/system_stm32f1.o
 .debug_macro   0x00000cb9      0x34e build/13-03-flat-state-machine/soc/stm32f1/system_stm32f1.o
 .debug_macro   0x00001007      0x193 build/13-03-flat-state-machine/soc/stm32f1/system_stm32f1.o
 .debug_macro   0x0000119a       0x41 build/13-03-flat-state-machine/soc/stm32f1/stm32f1_clock.o
 .debug_macro   0x000011db       0x3b build/13-03-flat-state-machine/soc/stm32f1/stm32f1_irq.o
 .debug_macro   0x00001216       0x78 build/13-03-flat-state-machine/boards/bluepill_f103c8/board.o
 .debug_macro   0x0000128e       0x2e build/13-03-flat-state-machine/boards/bluepill_f103c8/board.o
 .debug_macro   0x000012bc       0x45 build/13-03-flat-state-machine/boards/bluepill_f103c8/board_clock.o
 .debug_macro   0x00001301       0x4b build/13-03-flat-state-machine/drivers/gpio/src/hr_gpio_stm32f1.o
 .debug_macro   0x0000134c       0x5b build/13-03-flat-state-machine/drivers/uart/src/hr_uart_stm32f1.o
 .debug_macro   0x000013a7       0x45 build/13-03-flat-state-machine/drivers/timer/src/hr_hw_timer_stm32f1.o
 .debug_macro   0x000013ec       0xde build/13-03-flat-state-machine/examples/13-03-flat-state-machine/main.o
 .debug_macro   0x000014ca       0x88 build/13-03-flat-state-machine/examples/13-03-flat-state-machine/main.o
 .debug_macro   0x00001552       0xe2 build/13-03-flat-state-machine/examples/13-03-flat-state-machine/main.o
 .debug_macro   0x00001634       0x37 build/13-03-flat-state-machine/kernel/src/hr_list.o
 .debug_macro   0x0000166b       0x6f build/13-03-flat-state-machine/kernel/src/hr_scheduler.o
 .debug_macro   0x000016da       0x6f build/13-03-flat-state-machine/kernel/src/hr_wait.o
 .debug_macro   0x00001749       0x6f build/13-03-flat-state-machine/kernel/src/hr_timeout.o
 .debug_macro   0x000017b8       0xd5 build/13-03-flat-state-machine/kernel/src/hr_task.o
 .debug_macro   0x0000188d       0xb4 build/13-03-flat-state-machine/arch/arm/cortex-m3/hr_port.o
 .debug_macro   0x00001941       0x82 build/13-03-flat-state-machine/arch/arm/cortex-m3/hr_port.o
 .debug_macro   0x000019c3       0x52 build/13-03-flat-state-machine/arch/arm/cortex-m3/hr_port_stack.o
 .debug_macro   0x00001a15      0x10d build/13-03-flat-state-machine/kernel/src/hr_kernel.o
 .debug_macro   0x00001b22       0xc3 build/13-03-flat-state-machine/kernel/src/hr_time.o
 .debug_macro   0x00001be5       0x5b build/13-03-flat-state-machine/kernel/src/hr_context.o
 .debug_macro   0x00001c40       0xe7 build/13-03-flat-state-machine/kernel/src/hr_queue.o
 .debug_macro   0x00001d27       0xe7 build/13-03-flat-state-machine/kernel/src/hr_semaphore.o
 .debug_macro   0x00001e0e       0xc1 build/13-03-flat-state-machine/kernel/src/hr_timer.o
 .debug_macro   0x00001ecf       0xfc build/13-03-flat-state-machine/hairevent/src/he_event.o
 .debug_macro   0x00001fcb       0xe8 build/13-03-flat-state-machine/hairevent/src/he_event.o
 .debug_macro   0x000020b3       0x10 build/13-03-flat-state-machine/hairevent/src/he_event.o
 .debug_macro   0x000020c3       0xed build/13-03-flat-state-machine/hairevent/src/he_state_machine.o
 .debug_macro   0x000021b0       0xed build/13-03-flat-state-machine/hairevent/src/he_active.o

.debug_line     0x00000000     0x7e9b
 .debug_line    0x00000000      0x15a build/13-03-flat-state-machine/soc/stm32f1/system_stm32f1.o
 .debug_line    0x0000015a      0x26c build/13-03-flat-state-machine/soc/stm32f1/stm32f1_clock.o
 .debug_line    0x000003c6      0x135 build/13-03-flat-state-machine/soc/stm32f1/stm32f1_irq.o
 .debug_line    0x000004fb      0x32a build/13-03-flat-state-machine/boards/bluepill_f103c8/board.o
 .debug_line    0x00000825      0x110 build/13-03-flat-state-machine/boards/bluepill_f103c8/board_clock.o
 .debug_line    0x00000935      0x2ec build/13-03-flat-state-machine/drivers/gpio/src/hr_gpio_stm32f1.o
 .debug_line    0x00000c21      0x202 build/13-03-flat-state-machine/drivers/uart/src/hr_uart_stm32f1.o
 .debug_line    0x00000e23      0x1af build/13-03-flat-state-machine/drivers/timer/src/hr_hw_timer_stm32f1.o
 .debug_line    0x00000fd2      0x32e build/13-03-flat-state-machine/examples/13-03-flat-state-machine/main.o
 .debug_line    0x00001300      0x626 build/13-03-flat-state-machine/kernel/src/hr_list.o
 .debug_line    0x00001926      0x7f1 build/13-03-flat-state-machine/kernel/src/hr_scheduler.o
 .debug_line    0x00002117      0x381 build/13-03-flat-state-machine/kernel/src/hr_wait.o
 .debug_line    0x00002498      0x583 build/13-03-flat-state-machine/kernel/src/hr_timeout.o
 .debug_line    0x00002a1b      0x946 build/13-03-flat-state-machine/kernel/src/hr_task.o
 .debug_line    0x00003361      0x237 build/13-03-flat-state-machine/arch/arm/cortex-m3/hr_port.o
 .debug_line    0x00003598      0x208 build/13-03-flat-state-machine/arch/arm/cortex-m3/hr_port_stack.o
 .debug_line    0x000037a0     0x11d5 build/13-03-flat-state-machine/kernel/src/hr_kernel.o
 .debug_line    0x00004975      0x1cb build/13-03-flat-state-machine/kernel/src/hr_time.o
 .debug_line    0x00004b40      0x169 build/13-03-flat-state-machine/kernel/src/hr_context.o
 .debug_line    0x00004ca9      0xb21 build/13-03-flat-state-machine/kernel/src/hr_queue.o
 .debug_line    0x000057ca      0x6a0 build/13-03-flat-state-machine/kernel/src/hr_semaphore.o
 .debug_line    0x00005e6a      0xa61 build/13-03-flat-state-machine/kernel/src/hr_timer.o
 .debug_line    0x000068cb      0x7e5 build/13-03-flat-state-machine/hairevent/src/he_event.o
 .debug_line    0x000070b0      0x6f3 build/13-03-flat-state-machine/hairevent/src/he_state_machine.o
 .debug_line    0x000077a3      0x60e build/13-03-flat-state-machine/hairevent/src/he_active.o
 .debug_line    0x00007db1       0x73 build/13-03-flat-state-machine/soc/stm32f1/startup_stm32f103.o
 .debug_line    0x00007e24       0x77 build/13-03-flat-state-machine/arch/arm/cortex-m3/hr_portasm.o

.debug_str      0x00000000     0x83be
 .debug_str     0x00000000     0x83be build/13-03-flat-state-machine/soc/stm32f1/system_stm32f1.o
                               0x46c4 (size before relaxing)
 .debug_str     0x000083be     0x4737 build/13-03-flat-state-machine/soc/stm32f1/stm32f1_clock.o
 .debug_str     0x000083be     0x45f6 build/13-03-flat-state-machine/soc/stm32f1/stm32f1_irq.o
 .debug_str     0x000083be     0x4984 build/13-03-flat-state-machine/boards/bluepill_f103c8/board.o
 .debug_str     0x000083be     0x45dc build/13-03-flat-state-machine/boards/bluepill_f103c8/board_clock.o
 .debug_str     0x000083be     0x4795 build/13-03-flat-state-machine/drivers/gpio/src/hr_gpio_stm32f1.o
 .debug_str     0x000083be     0x4768 build/13-03-flat-state-machine/drivers/uart/src/hr_uart_stm32f1.o
 .debug_str     0x000083be     0x4669 build/13-03-flat-state-machine/drivers/timer/src/hr_hw_timer_stm32f1.o
 .debug_str     0x000083be     0x48f1 build/13-03-flat-state-machine/examples/13-03-flat-state-machine/main.o
 .debug_str     0x000083be     0x355a build/13-03-flat-state-machine/kernel/src/hr_list.o
 .debug_str     0x000083be     0x466c build/13-03-flat-state-machine/kernel/src/hr_scheduler.o
 .debug_str     0x000083be     0x44de build/13-03-flat-state-machine/kernel/src/hr_wait.o
 .debug_str     0x000083be     0x458b build/13-03-flat-state-machine/kernel/src/hr_timeout.o
 .debug_str     0x000083be     0x4b1b build/13-03-flat-state-machine/kernel/src/hr_task.o
 .debug_str     0x000083be     0x4755 build/13-03-flat-state-machine/arch/arm/cortex-m3/hr_port.o
 .debug_str     0x000083be     0x4436 build/13-03-flat-state-machine/arch/arm/cortex-m3/hr_port_stack.o
 .debug_str     0x000083be     0x503d build/13-03-flat-state-machine/kernel/src/hr_kernel.o
 .debug_str     0x000083be     0x41e1 build/13-03-flat-state-machine/kernel/src/hr_time.o
 .debug_str     0x000083be     0x41c0 build/13-03-flat-state-machine/kernel/src/hr_context.o
 .debug_str     0x000083be     0x4bcd build/13-03-flat-state-machine/kernel/src/hr_queue.o
 .debug_str     0x000083be     0x4aa6 build/13-03-flat-state-machine/kernel/src/hr_semaphore.o
 .debug_str     0x000083be     0x49f3 build/13-03-flat-state-machine/kernel/src/hr_timer.o
 .debug_str     0x000083be     0x4b54 build/13-03-flat-state-machine/hairevent/src/he_event.o
 .debug_str     0x000083be     0x4953 build/13-03-flat-state-machine/hairevent/src/he_state_machine.o
 .debug_str     0x000083be     0x4a98 build/13-03-flat-state-machine/hairevent/src/he_active.o
 .debug_str     0x000083be      0x44d build/13-03-flat-state-machine/soc/stm32f1/startup_stm32f103.o
 .debug_str     0x000083be       0x8b build/13-03-flat-state-machine/arch/arm/cortex-m3/hr_portasm.o

.debug_frame    0x00000000     0x1e04
 .debug_frame   0x00000000       0x50 build/13-03-flat-state-machine/soc/stm32f1/system_stm32f1.o
 .debug_frame   0x00000050       0xb4 build/13-03-flat-state-machine/soc/stm32f1/stm32f1_clock.o
 .debug_frame   0x00000104       0x80 build/13-03-flat-state-machine/soc/stm32f1/stm32f1_irq.o
 .debug_frame   0x00000184      0x138 build/13-03-flat-state-machine/boards/bluepill_f103c8/board.o
 .debug_frame   0x000002bc       0x30 build/13-03-flat-state-machine/boards/bluepill_f103c8/board_clock.o
 .debug_frame   0x000002ec       0xdc build/13-03-flat-state-machine/drivers/gpio/src/hr_gpio_stm32f1.o
 .debug_frame   0x000003c8       0x6c build/13-03-flat-state-machine/drivers/uart/src/hr_uart_stm32f1.o
 .debug_frame   0x00000434       0x50 build/13-03-flat-state-machine/drivers/timer/src/hr_hw_timer_stm32f1.o
 .debug_frame   0x00000484       0x78 build/13-03-flat-state-machine/examples/13-03-flat-state-machine/main.o
 .debug_frame   0x000004fc      0x18c build/13-03-flat-state-machine/kernel/src/hr_list.o
 .debug_frame   0x00000688      0x2cc build/13-03-flat-state-machine/kernel/src/hr_scheduler.o
 .debug_frame   0x00000954      0x130 build/13-03-flat-state-machine/kernel/src/hr_wait.o
 .debug_frame   0x00000a84      0x174 build/13-03-flat-state-machine/kernel/src/hr_timeout.o
 .debug_frame   0x00000bf8      0x250 build/13-03-flat-state-machine/kernel/src/hr_task.o
 .debug_frame   0x00000e48       0xb4 build/13-03-flat-state-machine/arch/arm/cortex-m3/hr_port.o
 .debug_frame   0x00000efc       0x3c build/13-03-flat-state-machine/arch/arm/cortex-m3/hr_port_stack.o
 .debug_frame   0x00000f38      0x2c0 build/13-03-flat-state-machine/kernel/src/hr_kernel.o
 .debug_frame   0x000011f8       0x40 build/13-03-flat-state-machine/kernel/src/hr_time.o
 .debug_frame   0x00001238       0x70 build/13-03-flat-state-machine/kernel/src/hr_context.o
 .debug_frame   0x000012a8      0x2ac build/13-03-flat-state-machine/kernel/src/hr_queue.o
 .debug_frame   0x00001554      0x19c build/13-03-flat-state-machine/kernel/src/hr_semaphore.o
 .debug_frame   0x000016f0      0x240 build/13-03-flat-state-machine/kernel/src/hr_timer.o
 .debug_frame   0x00001930      0x1a0 build/13-03-flat-state-machine/hairevent/src/he_event.o
 .debug_frame   0x00001ad0      0x1a0 build/13-03-flat-state-machine/hairevent/src/he_state_machine.o
 .debug_frame   0x00001c70      0x194 build/13-03-flat-state-machine/hairevent/src/he_active.o

.debug_loclists
                0x00000000     0x53b0
 .debug_loclists
                0x00000000      0x15a build/13-03-flat-state-machine/soc/stm32f1/stm32f1_clock.o
 .debug_loclists
                0x0000015a       0xc7 build/13-03-flat-state-machine/boards/bluepill_f103c8/board.o
 .debug_loclists
                0x00000221      0x2f7 build/13-03-flat-state-machine/drivers/gpio/src/hr_gpio_stm32f1.o
 .debug_loclists
                0x00000518       0xc8 build/13-03-flat-state-machine/drivers/uart/src/hr_uart_stm32f1.o
 .debug_loclists
                0x000005e0       0x3f build/13-03-flat-state-machine/drivers/timer/src/hr_hw_timer_stm32f1.o
 .debug_loclists
                0x0000061f      0x1b1 build/13-03-flat-state-machine/examples/13-03-flat-state-machine/main.o
 .debug_loclists
                0x000007d0      0x5b8 build/13-03-flat-state-machine/kernel/src/hr_list.o
 .debug_loclists
                0x00000d88      0x73a build/13-03-flat-state-machine/kernel/src/hr_scheduler.o
 .debug_loclists
                0x000014c2      0x32f build/13-03-flat-state-machine/kernel/src/hr_wait.o
 .debug_loclists
                0x000017f1      0x465 build/13-03-flat-state-machine/kernel/src/hr_timeout.o
 .debug_loclists
                0x00001c56      0x6de build/13-03-flat-state-machine/kernel/src/hr_task.o
 .debug_loclists
                0x00002334      0x104 build/13-03-flat-state-machine/arch/arm/cortex-m3/hr_port.o
 .debug_loclists
                0x00002438      0x288 build/13-03-flat-state-machine/arch/arm/cortex-m3/hr_port_stack.o
 .debug_loclists
                0x000026c0      0xa79 build/13-03-flat-state-machine/kernel/src/hr_kernel.o
 .debug_loclists
                0x00003139       0x46 build/13-03-flat-state-machine/kernel/src/hr_context.o
 .debug_loclists
                0x0000317f      0x900 build/13-03-flat-state-machine/kernel/src/hr_queue.o
 .debug_loclists
                0x00003a7f      0x512 build/13-03-flat-state-machine/kernel/src/hr_semaphore.o
 .debug_loclists
                0x00003f91      0x784 build/13-03-flat-state-machine/kernel/src/hr_timer.o
 .debug_loclists
                0x00004715      0x515 build/13-03-flat-state-machine/hairevent/src/he_event.o
 .debug_loclists
                0x00004c2a      0x32e build/13-03-flat-state-machine/hairevent/src/he_state_machine.o
 .debug_loclists
                0x00004f58      0x458 build/13-03-flat-state-machine/hairevent/src/he_active.o

.debug_line_str
                0x00000000       0x6b
 .debug_line_str
                0x00000000       0x6b build/13-03-flat-state-machine/soc/stm32f1/startup_stm32f103.o
                                 0x4b (size before relaxing)
 .debug_line_str
                0x0000006b       0x4b build/13-03-flat-state-machine/arch/arm/cortex-m3/hr_portasm.o

Cross Reference Table

Symbol                                            File
ADC1_2_IRQHandler                                 build/13-03-flat-state-machine/soc/stm32f1/startup_stm32f103.o
BusFault_Handler                                  build/13-03-flat-state-machine/soc/stm32f1/stm32f1_irq.o
CAN1_RX1_IRQHandler                               build/13-03-flat-state-machine/soc/stm32f1/startup_stm32f103.o
CAN1_SCE_IRQHandler                               build/13-03-flat-state-machine/soc/stm32f1/startup_stm32f103.o
DMA1_Channel1_IRQHandler                          build/13-03-flat-state-machine/soc/stm32f1/startup_stm32f103.o
DMA1_Channel2_IRQHandler                          build/13-03-flat-state-machine/soc/stm32f1/startup_stm32f103.o
DMA1_Channel3_IRQHandler                          build/13-03-flat-state-machine/soc/stm32f1/startup_stm32f103.o
DMA1_Channel4_IRQHandler                          build/13-03-flat-state-machine/soc/stm32f1/startup_stm32f103.o
DMA1_Channel5_IRQHandler                          build/13-03-flat-state-machine/soc/stm32f1/startup_stm32f103.o
DMA1_Channel6_IRQHandler                          build/13-03-flat-state-machine/soc/stm32f1/startup_stm32f103.o
DMA1_Channel7_IRQHandler                          build/13-03-flat-state-machine/soc/stm32f1/startup_stm32f103.o
DebugMon_Handler                                  build/13-03-flat-state-machine/soc/stm32f1/startup_stm32f103.o
EXTI0_IRQHandler                                  build/13-03-flat-state-machine/soc/stm32f1/startup_stm32f103.o
EXTI15_10_IRQHandler                              build/13-03-flat-state-machine/soc/stm32f1/startup_stm32f103.o
EXTI1_IRQHandler                                  build/13-03-flat-state-machine/soc/stm32f1/startup_stm32f103.o
EXTI2_IRQHandler                                  build/13-03-flat-state-machine/soc/stm32f1/startup_stm32f103.o
EXTI3_IRQHandler                                  build/13-03-flat-state-machine/soc/stm32f1/startup_stm32f103.o
EXTI4_IRQHandler                                  build/13-03-flat-state-machine/soc/stm32f1/startup_stm32f103.o
EXTI9_5_IRQHandler                                build/13-03-flat-state-machine/soc/stm32f1/startup_stm32f103.o
FLASH_IRQHandler                                  build/13-03-flat-state-machine/soc/stm32f1/startup_stm32f103.o
HardFault_Handler                                 build/13-03-flat-state-machine/soc/stm32f1/stm32f1_irq.o
I2C1_ER_IRQHandler                                build/13-03-flat-state-machine/soc/stm32f1/startup_stm32f103.o
I2C1_EV_IRQHandler                                build/13-03-flat-state-machine/soc/stm32f1/startup_stm32f103.o
I2C2_ER_IRQHandler                                build/13-03-flat-state-machine/soc/stm32f1/startup_stm32f103.o
I2C2_EV_IRQHandler                                build/13-03-flat-state-machine/soc/stm32f1/startup_stm32f103.o
MemManage_Handler                                 build/13-03-flat-state-machine/soc/stm32f1/stm32f1_irq.o
NMI_Handler                                       build/13-03-flat-state-machine/soc/stm32f1/startup_stm32f103.o
PVD_IRQHandler                                    build/13-03-flat-state-machine/soc/stm32f1/startup_stm32f103.o
PendSV_Handler                                    build/13-03-flat-state-machine/arch/arm/cortex-m3/hr_portasm.o
                                                  build/13-03-flat-state-machine/soc/stm32f1/startup_stm32f103.o
RCC_IRQHandler                                    build/13-03-flat-state-machine/soc/stm32f1/startup_stm32f103.o
RTCAlarm_IRQHandler                               build/13-03-flat-state-machine/soc/stm32f1/startup_stm32f103.o
RTC_IRQHandler                                    build/13-03-flat-state-machine/soc/stm32f1/startup_stm32f103.o
Reset_Handler                                     build/13-03-flat-state-machine/soc/stm32f1/startup_stm32f103.o
SPI1_IRQHandler                                   build/13-03-flat-state-machine/soc/stm32f1/startup_stm32f103.o
SPI2_IRQHandler                                   build/13-03-flat-state-machine/soc/stm32f1/startup_stm32f103.o
SVC_Handler                                       build/13-03-flat-state-machine/arch/arm/cortex-m3/hr_portasm.o
                                                  build/13-03-flat-state-machine/soc/stm32f1/startup_stm32f103.o
SysTick_Handler                                   build/13-03-flat-state-machine/kernel/src/hr_time.o
SystemCoreClock                                   build/13-03-flat-state-machine/soc/stm32f1/system_stm32f1.o
                                                  build/13-03-flat-state-machine/boards/bluepill_f103c8/board_clock.o
                                                  build/13-03-flat-state-machine/boards/bluepill_f103c8/board.o
                                                  build/13-03-flat-state-machine/soc/stm32f1/stm32f1_clock.o
SystemCoreClockUpdate                             build/13-03-flat-state-machine/soc/stm32f1/system_stm32f1.o
SystemInit                                        build/13-03-flat-state-machine/soc/stm32f1/system_stm32f1.o
                                                  build/13-03-flat-state-machine/soc/stm32f1/startup_stm32f103.o
TAMPER_IRQHandler                                 build/13-03-flat-state-machine/soc/stm32f1/startup_stm32f103.o
TIM1_BRK_IRQHandler                               build/13-03-flat-state-machine/soc/stm32f1/startup_stm32f103.o
TIM1_CC_IRQHandler                                build/13-03-flat-state-machine/soc/stm32f1/startup_stm32f103.o
TIM1_TRG_COM_IRQHandler                           build/13-03-flat-state-machine/soc/stm32f1/startup_stm32f103.o
TIM1_UP_IRQHandler                                build/13-03-flat-state-machine/soc/stm32f1/startup_stm32f103.o
TIM2_IRQHandler                                   build/13-03-flat-state-machine/soc/stm32f1/startup_stm32f103.o
TIM3_IRQHandler                                   build/13-03-flat-state-machine/soc/stm32f1/startup_stm32f103.o
TIM4_IRQHandler                                   build/13-03-flat-state-machine/soc/stm32f1/startup_stm32f103.o
USART1_IRQHandler                                 build/13-03-flat-state-machine/soc/stm32f1/startup_stm32f103.o
USART2_IRQHandler                                 build/13-03-flat-state-machine/soc/stm32f1/startup_stm32f103.o
USART3_IRQHandler                                 build/13-03-flat-state-machine/soc/stm32f1/startup_stm32f103.o
USBWakeUp_IRQHandler                              build/13-03-flat-state-machine/soc/stm32f1/startup_stm32f103.o
USB_HP_CAN1_TX_IRQHandler                         build/13-03-flat-state-machine/soc/stm32f1/startup_stm32f103.o
USB_LP_CAN1_RX0_IRQHandler                        build/13-03-flat-state-machine/soc/stm32f1/startup_stm32f103.o
UsageFault_Handler                                build/13-03-flat-state-machine/soc/stm32f1/stm32f1_irq.o
WWDG_IRQHandler                                   build/13-03-flat-state-machine/soc/stm32f1/startup_stm32f103.o
_ebss                                             build/13-03-flat-state-machine/soc/stm32f1/startup_stm32f103.o
_edata                                            build/13-03-flat-state-machine/soc/stm32f1/startup_stm32f103.o
_estack                                           build/13-03-flat-state-machine/arch/arm/cortex-m3/hr_portasm.o
                                                  build/13-03-flat-state-machine/soc/stm32f1/startup_stm32f103.o
_sbss                                             build/13-03-flat-state-machine/soc/stm32f1/startup_stm32f103.o
_sdata                                            build/13-03-flat-state-machine/soc/stm32f1/startup_stm32f103.o
_sidata                                           build/13-03-flat-state-machine/soc/stm32f1/startup_stm32f103.o
board_clock_is_72mhz                              build/13-03-flat-state-machine/boards/bluepill_f103c8/board_clock.o
                                                  build/13-03-flat-state-machine/boards/bluepill_f103c8/board.o
board_delay_ms                                    build/13-03-flat-state-machine/boards/bluepill_f103c8/board.o
board_get_core_clock_hz                           build/13-03-flat-state-machine/boards/bluepill_f103c8/board_clock.o
                                                  build/13-03-flat-state-machine/boards/bluepill_f103c8/board.o
board_init                                        build/13-03-flat-state-machine/boards/bluepill_f103c8/board.o
                                                  build/13-03-flat-state-machine/examples/13-03-flat-state-machine/main.o
board_led_off                                     build/13-03-flat-state-machine/boards/bluepill_f103c8/board.o
                                                  build/13-03-flat-state-machine/examples/13-03-flat-state-machine/main.o
board_led_on                                      build/13-03-flat-state-machine/boards/bluepill_f103c8/board.o
                                                  build/13-03-flat-state-machine/examples/13-03-flat-state-machine/main.o
board_led_toggle                                  build/13-03-flat-state-machine/boards/bluepill_f103c8/board.o
board_millis                                      build/13-03-flat-state-machine/boards/bluepill_f103c8/board.o
board_panic                                       build/13-03-flat-state-machine/boards/bluepill_f103c8/board.o
                                                  build/13-03-flat-state-machine/examples/13-03-flat-state-machine/main.o
board_uart_write_char                             build/13-03-flat-state-machine/boards/bluepill_f103c8/board.o
board_uart_write_line                             build/13-03-flat-state-machine/boards/bluepill_f103c8/board.o
                                                  build/13-03-flat-state-machine/examples/13-03-flat-state-machine/main.o
board_uart_write_string                           build/13-03-flat-state-machine/boards/bluepill_f103c8/board.o
board_uart_write_u32                              build/13-03-flat-state-machine/boards/bluepill_f103c8/board.o
g_hr_current_task_control_block                   build/13-03-flat-state-machine/kernel/src/hr_kernel.o
                                                  build/13-03-flat-state-machine/arch/arm/cortex-m3/hr_portasm.o
g_pfnVectors                                      build/13-03-flat-state-machine/soc/stm32f1/startup_stm32f103.o
                                                  build/13-03-flat-state-machine/soc/stm32f1/system_stm32f1.o
he_active_control_block                           build/13-03-flat-state-machine/hairevent/src/he_active.o
he_active_control_block_const                     build/13-03-flat-state-machine/hairevent/src/he_active.o
he_active_create_static                           build/13-03-flat-state-machine/hairevent/src/he_active.o
                                                  build/13-03-flat-state-machine/examples/13-03-flat-state-machine/main.o
he_active_get_name                                build/13-03-flat-state-machine/hairevent/src/he_active.o
he_active_get_pending_count                       build/13-03-flat-state-machine/hairevent/src/he_active.o
he_active_get_state_machine                       build/13-03-flat-state-machine/hairevent/src/he_active.o
he_active_get_task                                build/13-03-flat-state-machine/hairevent/src/he_active.o
he_active_is_valid                                build/13-03-flat-state-machine/hairevent/src/he_active.o
                                                  build/13-03-flat-state-machine/hairevent/src/he_pubsub.o
                                                  build/13-03-flat-state-machine/hairevent/src/he_time_event.o
he_active_post                                    build/13-03-flat-state-machine/hairevent/src/he_active.o
                                                  build/13-03-flat-state-machine/hairevent/src/he_time_event.o
                                                  build/13-03-flat-state-machine/examples/13-03-flat-state-machine/main.o
he_active_post_from_isr                           build/13-03-flat-state-machine/hairevent/src/he_active.o
he_active_post_shared                             build/13-03-flat-state-machine/hairevent/src/he_active.o
                                                  build/13-03-flat-state-machine/hairevent/src/he_pubsub.o
he_event_get_reference_count                      build/13-03-flat-state-machine/hairevent/src/he_event.o
he_event_init_static                              build/13-03-flat-state-machine/hairevent/src/he_event.o
                                                  build/13-03-flat-state-machine/hairevent/src/he_time_event.o
                                                  build/13-03-flat-state-machine/hairevent/src/he_state_machine.o
                                                  build/13-03-flat-state-machine/examples/13-03-flat-state-machine/main.o
he_event_is_dynamic                               build/13-03-flat-state-machine/hairevent/src/he_event.o
                                                  build/13-03-flat-state-machine/hairevent/src/he_pubsub.o
he_event_is_valid                                 build/13-03-flat-state-machine/hairevent/src/he_event.o
                                                  build/13-03-flat-state-machine/hairevent/src/he_pubsub.o
                                                  build/13-03-flat-state-machine/hairevent/src/he_time_event.o
                                                  build/13-03-flat-state-machine/hairevent/src/he_active.o
                                                  build/13-03-flat-state-machine/hairevent/src/he_state_machine.o
he_event_new                                      build/13-03-flat-state-machine/hairevent/src/he_event.o
he_event_pool_control_block                       build/13-03-flat-state-machine/hairevent/src/he_event.o
he_event_pool_control_block_const                 build/13-03-flat-state-machine/hairevent/src/he_event.o
he_event_pool_get_block_count                     build/13-03-flat-state-machine/hairevent/src/he_event.o
he_event_pool_get_free_count                      build/13-03-flat-state-machine/hairevent/src/he_event.o
he_event_pool_init                                build/13-03-flat-state-machine/hairevent/src/he_event.o
he_event_pool_is_valid                            build/13-03-flat-state-machine/hairevent/src/he_event.o
he_event_release                                  build/13-03-flat-state-machine/hairevent/src/he_event.o
                                                  build/13-03-flat-state-machine/hairevent/src/he_pubsub.o
                                                  build/13-03-flat-state-machine/hairevent/src/he_active.o
he_event_retain                                   build/13-03-flat-state-machine/hairevent/src/he_event.o
                                                  build/13-03-flat-state-machine/hairevent/src/he_active.o
he_pubsub_control_block                           build/13-03-flat-state-machine/hairevent/src/he_pubsub.o
he_pubsub_control_block_const                     build/13-03-flat-state-machine/hairevent/src/he_pubsub.o
he_pubsub_get_subscriber_count                    build/13-03-flat-state-machine/hairevent/src/he_pubsub.o
he_pubsub_init                                    build/13-03-flat-state-machine/hairevent/src/he_pubsub.o
he_pubsub_is_valid                                build/13-03-flat-state-machine/hairevent/src/he_pubsub.o
he_pubsub_publish                                 build/13-03-flat-state-machine/hairevent/src/he_pubsub.o
he_pubsub_subscribe                               build/13-03-flat-state-machine/hairevent/src/he_pubsub.o
he_pubsub_unsubscribe                             build/13-03-flat-state-machine/hairevent/src/he_pubsub.o
he_state_machine_context                          build/13-03-flat-state-machine/hairevent/src/he_state_machine.o
he_state_machine_context_const                    build/13-03-flat-state-machine/hairevent/src/he_state_machine.o
he_state_machine_control_block                    build/13-03-flat-state-machine/hairevent/src/he_state_machine.o
he_state_machine_control_block_const              build/13-03-flat-state-machine/hairevent/src/he_state_machine.o
he_state_machine_current                          build/13-03-flat-state-machine/hairevent/src/he_state_machine.o
he_state_machine_dispatch                         build/13-03-flat-state-machine/hairevent/src/he_state_machine.o
                                                  build/13-03-flat-state-machine/hairevent/src/he_active.o
he_state_machine_init                             build/13-03-flat-state-machine/hairevent/src/he_state_machine.o
                                                  build/13-03-flat-state-machine/hairevent/src/he_active.o
he_state_machine_is_started                       build/13-03-flat-state-machine/hairevent/src/he_state_machine.o
he_state_machine_is_valid                         build/13-03-flat-state-machine/hairevent/src/he_state_machine.o
                                                  build/13-03-flat-state-machine/hairevent/src/he_active.o
he_state_machine_start                            build/13-03-flat-state-machine/hairevent/src/he_state_machine.o
                                                  build/13-03-flat-state-machine/hairevent/src/he_active.o
he_state_transition                               build/13-03-flat-state-machine/hairevent/src/he_state_machine.o
                                                  build/13-03-flat-state-machine/examples/13-03-flat-state-machine/main.o
he_time_event_arm                                 build/13-03-flat-state-machine/hairevent/src/he_time_event.o
he_time_event_change_period                       build/13-03-flat-state-machine/hairevent/src/he_time_event.o
he_time_event_control_block                       build/13-03-flat-state-machine/hairevent/src/he_time_event.o
he_time_event_control_block_const                 build/13-03-flat-state-machine/hairevent/src/he_time_event.o
he_time_event_create_static                       build/13-03-flat-state-machine/hairevent/src/he_time_event.o
he_time_event_disarm                              build/13-03-flat-state-machine/hairevent/src/he_time_event.o
he_time_event_get_dropped_count                   build/13-03-flat-state-machine/hairevent/src/he_time_event.o
he_time_event_is_armed                            build/13-03-flat-state-machine/hairevent/src/he_time_event.o
he_time_event_is_valid                            build/13-03-flat-state-machine/hairevent/src/he_time_event.o
he_time_event_rearm                               build/13-03-flat-state-machine/hairevent/src/he_time_event.o
hr_critical_enter                                 build/13-03-flat-state-machine/kernel/src/hr_context.o
                                                  build/13-03-flat-state-machine/hairevent/src/he_pubsub.o
                                                  build/13-03-flat-state-machine/hairevent/src/he_event.o
hr_critical_exit                                  build/13-03-flat-state-machine/kernel/src/hr_context.o
                                                  build/13-03-flat-state-machine/hairevent/src/he_pubsub.o
                                                  build/13-03-flat-state-machine/hairevent/src/he_event.o
hr_gpio_config_alternate_push_pull                build/13-03-flat-state-machine/drivers/gpio/src/hr_gpio_stm32f1.o
                                                  build/13-03-flat-state-machine/drivers/uart/src/hr_uart_stm32f1.o
hr_gpio_config_input_floating                     build/13-03-flat-state-machine/drivers/gpio/src/hr_gpio_stm32f1.o
                                                  build/13-03-flat-state-machine/drivers/uart/src/hr_uart_stm32f1.o
hr_gpio_config_output_push_pull                   build/13-03-flat-state-machine/drivers/gpio/src/hr_gpio_stm32f1.o
                                                  build/13-03-flat-state-machine/boards/bluepill_f103c8/board.o
hr_gpio_enable_port_clock                         build/13-03-flat-state-machine/drivers/gpio/src/hr_gpio_stm32f1.o
                                                  build/13-03-flat-state-machine/boards/bluepill_f103c8/board.o
hr_gpio_read                                      build/13-03-flat-state-machine/drivers/gpio/src/hr_gpio_stm32f1.o
hr_gpio_toggle                                    build/13-03-flat-state-machine/drivers/gpio/src/hr_gpio_stm32f1.o
                                                  build/13-03-flat-state-machine/boards/bluepill_f103c8/board.o
hr_gpio_write                                     build/13-03-flat-state-machine/drivers/gpio/src/hr_gpio_stm32f1.o
                                                  build/13-03-flat-state-machine/boards/bluepill_f103c8/board.o
hr_hw_timer_delay_ms                              build/13-03-flat-state-machine/drivers/timer/src/hr_hw_timer_stm32f1.o
                                                  build/13-03-flat-state-machine/boards/bluepill_f103c8/board.o
hr_hw_timer_init_1khz                             build/13-03-flat-state-machine/drivers/timer/src/hr_hw_timer_stm32f1.o
                                                  build/13-03-flat-state-machine/boards/bluepill_f103c8/board.o
hr_hw_timer_millis                                build/13-03-flat-state-machine/drivers/timer/src/hr_hw_timer_stm32f1.o
                                                  build/13-03-flat-state-machine/boards/bluepill_f103c8/board.o
hr_hw_timer_tick_isr                              build/13-03-flat-state-machine/drivers/timer/src/hr_hw_timer_stm32f1.o
hr_is_inside_isr                                  build/13-03-flat-state-machine/kernel/src/hr_context.o