
Discarded input sections

 .group         0x00000000        0xc build/06-priority-scheduler/soc/stm32f1/system_stm32f1.o
 .group         0x00000000        0xc build/06-priority-scheduler/soc/stm32f1/system_stm32f1.o
 .group         0x00000000        0xc build/06-priority-scheduler/soc/stm32f1/system_stm32f1.o
 .group         0x00000000        0xc build/06-priority-scheduler/soc/stm32f1/system_stm32f1.o
 .group         0x00000000        0xc build/06-priority-scheduler/soc/stm32f1/system_stm32f1.o
 .text          0x00000000        0x0 build/06-priority-scheduler/soc/stm32f1/system_stm32f1.o
 .data          0x00000000        0x0 build/06-priority-scheduler/soc/stm32f1/system_stm32f1.o
 .bss           0x00000000        0x0 build/06-priority-scheduler/soc/stm32f1/system_stm32f1.o
 .comment       0x00000000       0x27 build/06-priority-scheduler/soc/stm32f1/system_stm32f1.o
 .group         0x00000000        0xc build/06-priority-scheduler/soc/stm32f1/stm32f1_clock.o
 .group         0x00000000        0xc build/06-priority-scheduler/soc/stm32f1/stm32f1_clock.o
 .group         0x00000000        0xc build/06-priority-scheduler/soc/stm32f1/stm32f1_clock.o
 .group         0x00000000        0xc build/06-priority-scheduler/soc/stm32f1/stm32f1_clock.o
 .group         0x00000000        0xc build/06-priority-scheduler/soc/stm32f1/stm32f1_clock.o
 .text          0x00000000        0x0 build/06-priority-scheduler/soc/stm32f1/stm32f1_clock.o
 .data          0x00000000        0x0 build/06-priority-scheduler/soc/stm32f1/stm32f1_clock.o
 .bss           0x00000000        0x0 build/06-priority-scheduler/soc/stm32f1/stm32f1_clock.o
 .text.stm32f1_clock_get_pclk1_hz
                0x00000000       0x20 build/06-priority-scheduler/soc/stm32f1/stm32f1_clock.o
 .debug_macro   0x00000000      0xac0 build/06-priority-scheduler/soc/stm32f1/stm32f1_clock.o
 .debug_macro   0x00000000       0x22 build/06-priority-scheduler/soc/stm32f1/stm32f1_clock.o
 .debug_macro   0x00000000      0x190 build/06-priority-scheduler/soc/stm32f1/stm32f1_clock.o
 .debug_macro   0x00000000      0x34e build/06-priority-scheduler/soc/stm32f1/stm32f1_clock.o
 .debug_macro   0x00000000      0x193 build/06-priority-scheduler/soc/stm32f1/stm32f1_clock.o
 .comment       0x00000000       0x27 build/06-priority-scheduler/soc/stm32f1/stm32f1_clock.o
 .group         0x00000000        0xc build/06-priority-scheduler/soc/stm32f1/stm32f1_irq.o
 .group         0x00000000        0xc build/06-priority-scheduler/soc/stm32f1/stm32f1_irq.o
 .group         0x00000000        0xc build/06-priority-scheduler/soc/stm32f1/stm32f1_irq.o
 .group         0x00000000        0xc build/06-priority-scheduler/soc/stm32f1/stm32f1_irq.o
 .group         0x00000000        0xc build/06-priority-scheduler/soc/stm32f1/stm32f1_irq.o
 .text          0x00000000        0x0 build/06-priority-scheduler/soc/stm32f1/stm32f1_irq.o
 .data          0x00000000        0x0 build/06-priority-scheduler/soc/stm32f1/stm32f1_irq.o
 .bss           0x00000000        0x0 build/06-priority-scheduler/soc/stm32f1/stm32f1_irq.o
 .debug_macro   0x00000000      0xac0 build/06-priority-scheduler/soc/stm32f1/stm32f1_irq.o
 .debug_macro   0x00000000       0x22 build/06-priority-scheduler/soc/stm32f1/stm32f1_irq.o
 .debug_macro   0x00000000      0x190 build/06-priority-scheduler/soc/stm32f1/stm32f1_irq.o
 .debug_macro   0x00000000      0x34e build/06-priority-scheduler/soc/stm32f1/stm32f1_irq.o
 .debug_macro   0x00000000      0x193 build/06-priority-scheduler/soc/stm32f1/stm32f1_irq.o
 .comment       0x00000000       0x27 build/06-priority-scheduler/soc/stm32f1/stm32f1_irq.o
 .group         0x00000000        0xc build/06-priority-scheduler/boards/bluepill_f103c8/board.o
 .group         0x00000000        0xc build/06-priority-scheduler/boards/bluepill_f103c8/board.o
 .group         0x00000000        0xc build/06-priority-scheduler/boards/bluepill_f103c8/board.o
 .group         0x00000000        0xc build/06-priority-scheduler/boards/bluepill_f103c8/board.o
 .group         0x00000000        0xc build/06-priority-scheduler/boards/bluepill_f103c8/board.o
 .group         0x00000000        0xc build/06-priority-scheduler/boards/bluepill_f103c8/board.o
 .text          0x00000000        0x0 build/06-priority-scheduler/boards/bluepill_f103c8/board.o
 .data          0x00000000        0x0 build/06-priority-scheduler/boards/bluepill_f103c8/board.o
 .bss           0x00000000        0x0 build/06-priority-scheduler/boards/bluepill_f103c8/board.o
 .text.board_millis
                0x00000000        0x8 build/06-priority-scheduler/boards/bluepill_f103c8/board.o
 .debug_macro   0x00000000      0xac0 build/06-priority-scheduler/boards/bluepill_f103c8/board.o
 .debug_macro   0x00000000       0x22 build/06-priority-scheduler/boards/bluepill_f103c8/board.o
 .debug_macro   0x00000000      0x34e build/06-priority-scheduler/boards/bluepill_f103c8/board.o
 .debug_macro   0x00000000      0x190 build/06-priority-scheduler/boards/bluepill_f103c8/board.o
[...]
Memory Configuration

Name             Origin             Length             Attributes
FLASH            0x08000000         0x00010000         xr
RAM              0x20000000         0x00005000         xrw
*default*        0x00000000         0xffffffff

Linker script and memory map

LOAD build/06-priority-scheduler/soc/stm32f1/system_stm32f1.o
LOAD build/06-priority-scheduler/soc/stm32f1/stm32f1_clock.o
LOAD build/06-priority-scheduler/soc/stm32f1/stm32f1_irq.o
LOAD build/06-priority-scheduler/boards/bluepill_f103c8/board.o
LOAD build/06-priority-scheduler/boards/bluepill_f103c8/board_clock.o
LOAD build/06-priority-scheduler/drivers/gpio/src/hr_gpio_stm32f1.o
LOAD build/06-priority-scheduler/drivers/uart/src/hr_uart_stm32f1.o
LOAD build/06-priority-scheduler/drivers/timer/src/hr_hw_timer_stm32f1.o
LOAD build/06-priority-scheduler/examples/06-priority-scheduler/main.o
LOAD build/06-priority-scheduler/kernel/src/hr_list.o
LOAD build/06-priority-scheduler/kernel/src/hr_scheduler.o
LOAD build/06-priority-scheduler/kernel/src/hr_wait.o
LOAD build/06-priority-scheduler/kernel/src/hr_timeout.o
LOAD build/06-priority-scheduler/kernel/src/hr_task.o
LOAD build/06-priority-scheduler/arch/arm/cortex-m3/hr_port.o
LOAD build/06-priority-scheduler/arch/arm/cortex-m3/hr_port_stack.o
LOAD build/06-priority-scheduler/kernel/src/hr_kernel.o
LOAD build/06-priority-scheduler/soc/stm32f1/startup_stm32f103.o
LOAD build/06-priority-scheduler/arch/arm/cortex-m3/hr_portasm.o
LOAD /usr/lib/gcc/arm-none-eabi/13.2.1/thumb/v7-m/nofp/libgcc.a
                0x00000000                        _Min_Heap_Size = 0x0
                0x00000400                        _Min_Stack_Size = 0x400
                0x20005000                        _estack = (ORIGIN (RAM) + LENGTH (RAM))
                0x20004c00                        _sstack = (_estack - _Min_Stack_Size)

.isr_vector     0x08000000       0xec
                0x08000000                        . = ALIGN (0x4)
 *(.isr_vector)
 .isr_vector    0x08000000       0xec build/06-priority-scheduler/soc/stm32f1/startup_stm32f103.o
                0x08000000                g_pfnVectors
                0x080000ec                        . = ALIGN (0x4)

.text           0x080000ec     0x148c
                0x080000ec                        . = ALIGN (0x4)
 *(.text)
 .text          0x080000ec       0x70 build/06-priority-scheduler/arch/arm/cortex-m3/hr_portasm.o
                0x080000ec                hr_port_start_first_task
                0x08000102                SVC_Handler
                0x08000126                PendSV_Handler
 *(.text*)
 .text.system_reset_clock_tree
                0x0800015c       0x44 build/06-priority-scheduler/soc/stm32f1/system_stm32f1.o
 .text.SystemCoreClockUpdate
                0x080001a0       0x10 build/06-priority-scheduler/soc/stm32f1/system_stm32f1.o
                0x080001a0                SystemCoreClockUpdate
 .text.SystemInit
                0x080001b0       0x20 build/06-priority-scheduler/soc/stm32f1/system_stm32f1.o
                0x080001b0                SystemInit
 .text.wait_for_mask
                0x080001d0       0x1e build/06-priority-scheduler/soc/stm32f1/stm32f1_clock.o
 *fill*         0x080001ee        0x2 
 .text.decode_ahb_prescaler
                0x080001f0       0x10 build/06-priority-scheduler/soc/stm32f1/stm32f1_clock.o
 .text.decode_apb_prescaler
                0x08000200       0x10 build/06-priority-scheduler/soc/stm32f1/stm32f1_clock.o
 .text.stm32f1_clock_configure_hse_pll_72mhz
                0x08000210       0x78 build/06-priority-scheduler/soc/stm32f1/stm32f1_clock.o
                0x08000210                stm32f1_clock_configure_hse_pll_72mhz
 .text.stm32f1_clock_get_hclk_hz
                0x08000288       0x40 build/06-priority-scheduler/soc/stm32f1/stm32f1_clock.o
                0x08000288                stm32f1_clock_get_hclk_hz
 .text.stm32f1_clock_get_pclk2_hz
                0x080002c8       0x20 build/06-priority-scheduler/soc/stm32f1/stm32f1_clock.o
                0x080002c8                stm32f1_clock_get_pclk2_hz
 .text.fault_stop
                0x080002e8        0x6 build/06-priority-scheduler/soc/stm32f1/stm32f1_irq.o
 .text.HardFault_Handler
                0x080002ee        0x6 build/06-priority-scheduler/soc/stm32f1/stm32f1_irq.o
                0x080002ee                HardFault_Handler
 .text.MemManage_Handler
                0x080002f4        0x6 build/06-priority-scheduler/soc/stm32f1/stm32f1_irq.o
                0x080002f4                MemManage_Handler
 .text.BusFault_Handler
                0x080002fa        0x6 build/06-priority-scheduler/soc/stm32f1/stm32f1_irq.o
                0x080002fa                BusFault_Handler
 .text.UsageFault_Handler
                0x08000300        0x6 build/06-priority-scheduler/soc/stm32f1/stm32f1_irq.o
                0x08000300                UsageFault_Handler
 .text.board_led_on
                0x08000306        0xe build/06-priority-scheduler/boards/bluepill_f103c8/board.o
                0x08000306                board_led_on
 .text.board_led_off
                0x08000314        0xe build/06-priority-scheduler/boards/bluepill_f103c8/board.o
                0x08000314                board_led_off
 .text.board_led_toggle
                0x08000322        0xc build/06-priority-scheduler/boards/bluepill_f103c8/board.o
                0x08000322                board_led_toggle
 .text.board_uart_write_char
                0x0800032e        0x8 build/06-priority-scheduler/boards/bluepill_f103c8/board.o
                0x0800032e                board_uart_write_char
 .text.board_uart_write_string
                0x08000336        0x8 build/06-priority-scheduler/boards/bluepill_f103c8/board.o
                0x08000336                board_uart_write_string
 *fill*         0x0800033e        0x2 
 .text.board_uart_write_u32
                0x08000340       0x5c build/06-priority-scheduler/boards/bluepill_f103c8/board.o
                0x08000340                board_uart_write_u32
 .text.board_uart_write_line
                0x0800039c       0x14 build/06-priority-scheduler/boards/bluepill_f103c8/board.o
                0x0800039c                board_uart_write_line
 .text.board_print_boot_banner
                0x080003b0       0x5c build/06-priority-scheduler/boards/bluepill_f103c8/board.o
 .text.board_init
                0x0800040c       0x38 build/06-priority-scheduler/boards/bluepill_f103c8/board.o
                0x0800040c                board_init
 .text.board_delay_ms
                0x08000444        0x8 build/06-priority-scheduler/boards/bluepill_f103c8/board.o
                0x08000444                board_delay_ms
 .text.board_panic
                0x0800044c        0xc build/06-priority-scheduler/boards/bluepill_f103c8/board.o
                0x0800044c                board_panic
 .text.board_get_core_clock_hz
                0x08000458        0xc build/06-priority-scheduler/boards/bluepill_f103c8/board_clock.o
                0x08000458                board_get_core_clock_hz
 .text.board_clock_is_72mhz
                0x08000464       0x18 build/06-priority-scheduler/boards/bluepill_f103c8/board_clock.o
                0x08000464                board_clock_is_72mhz
 .text.gpio_from_port
                0x0800047c       0x28 build/06-priority-scheduler/drivers/gpio/src/hr_gpio_stm32f1.o
 .text.gpio_configure_nibble
                0x080004a4       0x30 build/06-priority-scheduler/drivers/gpio/src/hr_gpio_stm32f1.o
 .text.hr_gpio_enable_port_clock
                0x080004d4       0x34 build/06-priority-scheduler/drivers/gpio/src/hr_gpio_stm32f1.o
                0x080004d4                hr_gpio_enable_port_clock
 .text.hr_gpio_config_output_push_pull
                0x08000508       0x14 build/06-priority-scheduler/drivers/gpio/src/hr_gpio_stm32f1.o
                0x08000508                hr_gpio_config_output_push_pull
 .text.hr_gpio_config_alternate_push_pull
                0x0800051c       0x16 build/06-priority-scheduler/drivers/gpio/src/hr_gpio_stm32f1.o
                0x0800051c                hr_gpio_config_alternate_push_pull
 .text.hr_gpio_config_input_floating
                0x08000532       0x12 build/06-priority-scheduler/drivers/gpio/src/hr_gpio_stm32f1.o
                0x08000532                hr_gpio_config_input_floating
 .text.hr_gpio_write
                0x08000544       0x22 build/06-priority-scheduler/drivers/gpio/src/hr_gpio_stm32f1.o
                0x08000544                hr_gpio_write
 .text.hr_gpio_toggle
                0x08000566       0x28 build/06-priority-scheduler/drivers/gpio/src/hr_gpio_stm32f1.o
                0x08000566                hr_gpio_toggle
 *fill*         0x0800058e        0x2 
 .text.hr_uart_init
                0x08000590       0x54 build/06-priority-scheduler/drivers/uart/src/hr_uart_stm32f1.o
                0x08000590                hr_uart_init
 .text.hr_uart_write_char
                0x080005e4       0x14 build/06-priority-scheduler/drivers/uart/src/hr_uart_stm32f1.o
                0x080005e4                hr_uart_write_char
 .text.hr_uart_write_string
                0x080005f8       0x16 build/06-priority-scheduler/drivers/uart/src/hr_uart_stm32f1.o
                0x080005f8                hr_uart_write_string
 *fill*         0x0800060e        0x2 
 .text.hr_hw_timer_init_1khz
                0x08000610       0x34 build/06-priority-scheduler/drivers/timer/src/hr_hw_timer_stm32f1.o
                0x08000610                hr_hw_timer_init_1khz
 .text.hr_hw_timer_delay_ms
                0x08000644       0x18 build/06-priority-scheduler/drivers/timer/src/hr_hw_timer_stm32f1.o
                0x08000644                hr_hw_timer_delay_ms
 .text.SysTick_Handler
                0x0800065c       0x10 build/06-priority-scheduler/drivers/timer/src/hr_hw_timer_stm32f1.o
                0x0800065c                SysTick_Handler
 .text.low_priority_task
                0x0800066c       0x14 build/06-priority-scheduler/examples/06-priority-scheduler/main.o
 .text.phase6_verify_current
                0x08000680       0x3c build/06-priority-scheduler/examples/06-priority-scheduler/main.o
 .text.high_priority_task_b
                0x080006bc       0x54 build/06-priority-scheduler/examples/06-priority-scheduler/main.o
 .text.high_priority_task_a
                0x08000710       0x58 build/06-priority-scheduler/examples/06-priority-scheduler/main.o
 .text.main     0x08000768      0x150 build/06-priority-scheduler/examples/06-priority-scheduler/main.o
                0x08000768                main
 .text.hr_list_insert_between
                0x080008b8       0x38 build/06-priority-scheduler/kernel/src/hr_list.o
 .text.hr_list_init
                0x080008f0       0x12 build/06-priority-scheduler/kernel/src/hr_list.o
                0x080008f0                hr_list_init
 .text.hr_list_node_init
                0x08000902        0xe build/06-priority-scheduler/kernel/src/hr_list.o
                0x08000902                hr_list_node_init
 .text.hr_list_is_empty
                0x08000910       0x12 build/06-priority-scheduler/kernel/src/hr_list.o
                0x08000910                hr_list_is_empty
 .text.hr_list_size
                0x08000922        0xa build/06-priority-scheduler/kernel/src/hr_list.o
                0x08000922                hr_list_size
 .text.hr_list_node_is_linked
                0x0800092c       0x12 build/06-priority-scheduler/kernel/src/hr_list.o
                0x0800092c                hr_list_node_is_linked
 .text.hr_list_node_owner
                0x0800093e        0x8 build/06-priority-scheduler/kernel/src/hr_list.o
                0x0800093e                hr_list_node_owner
 .text.hr_list_front
                0x08000946       0x10 build/06-priority-scheduler/kernel/src/hr_list.o
                0x08000946                hr_list_front
 .text.hr_list_push_back
                0x08000956       0x14 build/06-priority-scheduler/kernel/src/hr_list.o
                0x08000956                hr_list_push_back
 .text.hr_list_remove
                0x0800096a       0x3a build/06-priority-scheduler/kernel/src/hr_list.o
                0x0800096a                hr_list_remove
 .text.hr_list_pop_front
                0x080009a4       0x18 build/06-priority-scheduler/kernel/src/hr_list.o
                0x080009a4                hr_list_pop_front
 .text.hr_priority_is_valid
                0x080009bc        0xa build/06-priority-scheduler/kernel/src/hr_scheduler.o
 .text.hr_priority_mask
                0x080009c6        0x8 build/06-priority-scheduler/kernel/src/hr_scheduler.o
 .text.hr_ready_set_highest_priority
                0x080009ce       0x24 build/06-priority-scheduler/kernel/src/hr_scheduler.o
 .text.hr_ready_node_init
                0x080009f2       0x12 build/06-priority-scheduler/kernel/src/hr_scheduler.o
                0x080009f2                hr_ready_node_init
 .text.hr_ready_set_init
                0x08000a04       0x2a build/06-priority-scheduler/kernel/src/hr_scheduler.o
                0x08000a04                hr_ready_set_init
 .text.hr_ready_set_insert
                0x08000a2e       0x52 build/06-priority-scheduler/kernel/src/hr_scheduler.o
                0x08000a2e                hr_ready_set_insert
 .text.hr_ready_set_remove
                0x08000a80       0x68 build/06-priority-scheduler/kernel/src/hr_scheduler.o
                0x08000a80                hr_ready_set_remove
 .text.hr_ready_set_peek_highest
                0x08000ae8       0x2e build/06-priority-scheduler/kernel/src/hr_scheduler.o
                0x08000ae8                hr_ready_set_peek_highest
 .text.hr_ready_set_rotate_highest
                0x08000b16       0x50 build/06-priority-scheduler/kernel/src/hr_scheduler.o
                0x08000b16                hr_ready_set_rotate_highest
 .text.hr_scheduler_init
                0x08000b66        0xc build/06-priority-scheduler/kernel/src/hr_scheduler.o
                0x08000b66                hr_scheduler_init
 .text.hr_scheduler_add_ready
                0x08000b72        0xe build/06-priority-scheduler/kernel/src/hr_scheduler.o
                0x08000b72                hr_scheduler_add_ready
 .text.hr_scheduler_remove_ready
                0x08000b80        0xe build/06-priority-scheduler/kernel/src/hr_scheduler.o
                0x08000b80                hr_scheduler_remove_ready
 .text.hr_scheduler_select_highest
                0x08000b8e        0xa build/06-priority-scheduler/kernel/src/hr_scheduler.o
                0x08000b8e                hr_scheduler_select_highest
 .text.hr_scheduler_yield_current
                0x08000b98       0x26 build/06-priority-scheduler/kernel/src/hr_scheduler.o
                0x08000b98                hr_scheduler_yield_current
 .text.hr_wait_node_init
                0x08000bbe       0x12 build/06-priority-scheduler/kernel/src/hr_wait.o
                0x08000bbe                hr_wait_node_init
 .text.hr_timeout_node_init
                0x08000bd0       0x12 build/06-priority-scheduler/kernel/src/hr_timeout.o
                0x08000bd0                hr_timeout_node_init
 .text.hr_task_zero_control_block
                0x08000be2       0x10 build/06-priority-scheduler/kernel/src/hr_task.o
 *fill*         0x08000bf2        0x2 
 .text.hr_task_fill_stack
                0x08000bf4       0x1c build/06-priority-scheduler/kernel/src/hr_task.o
 .text.hr_task_exit_error
                0x08000c10        0x2 build/06-priority-scheduler/kernel/src/hr_task.o
                0x08000c10                hr_task_exit_error
 .text.hr_task_control_block
                0x08000c12        0x6 build/06-priority-scheduler/kernel/src/hr_task.o
                0x08000c12                hr_task_control_block
 .text.hr_task_control_block_const
                0x08000c18        0x6 build/06-priority-scheduler/kernel/src/hr_task.o
                0x08000c18                hr_task_control_block_const
 *fill*         0x08000c1e        0x2 
 .text.hr_task_is_valid
                0x08000c20       0x24 build/06-priority-scheduler/kernel/src/hr_task.o
                0x08000c20                hr_task_is_valid
 .text.hr_task_transition_state
                0x08000c44       0x28 build/06-priority-scheduler/kernel/src/hr_task.o
                0x08000c44                hr_task_transition_state
 .text.hr_task_create_static
                0x08000c6c      0x100 build/06-priority-scheduler/kernel/src/hr_task.o
                0x08000c6c                hr_task_create_static
 .text.hr_task_start
                0x08000d6c       0x16 build/06-priority-scheduler/kernel/src/hr_task.o
                0x08000d6c                hr_task_start
 .text.hr_task_get_effective_priority
                0x08000d82       0x1a build/06-priority-scheduler/kernel/src/hr_task.o
                0x08000d82                hr_task_get_effective_priority
 .text.hr_task_yield
                0x08000d9c       0x10 build/06-priority-scheduler/kernel/src/hr_task.o
                0x08000d9c                hr_task_yield
 .text.hr_task_current
                0x08000dac        0x8 build/06-priority-scheduler/kernel/src/hr_task.o
                0x08000dac                hr_task_current
 .text.hr_port_initialize_stack
                0x08000db4       0x16 build/06-priority-scheduler/arch/arm/cortex-m3/hr_port.o
                0x08000db4                hr_port_initialize_stack
 *fill*         0x08000dca        0x2 
 .text.hr_port_configure_kernel_exceptions
                0x08000dcc       0x30 build/06-priority-scheduler/arch/arm/cortex-m3/hr_port.o
                0x08000dcc                hr_port_configure_kernel_exceptions
 .text.hr_port_request_context_switch
                0x08000dfc       0x16 build/06-priority-scheduler/arch/arm/cortex-m3/hr_port.o
                0x08000dfc                hr_port_request_context_switch
 .text.hr_port_wait_for_interrupt
                0x08000e12        0x4 build/06-priority-scheduler/arch/arm/cortex-m3/hr_port.o
                0x08000e12                hr_port_wait_for_interrupt
 .text.hr_port_thread_uses_psp
                0x08000e16        0xa build/06-priority-scheduler/arch/arm/cortex-m3/hr_port.o
                0x08000e16                hr_port_thread_uses_psp
 .text.hr_port_align_down
                0x08000e20        0x6 build/06-priority-scheduler/arch/arm/cortex-m3/hr_port_stack.o
 .text.hr_port_initialize_stack_raw
                0x08000e26       0xb6 build/06-priority-scheduler/arch/arm/cortex-m3/hr_port_stack.o
                0x08000e26                hr_port_initialize_stack_raw
 .text.hr_idle_task
                0x08000edc        0x8 build/06-priority-scheduler/kernel/src/hr_kernel.o
 .text.hr_kernel_init
                0x08000ee4       0x98 build/06-priority-scheduler/kernel/src/hr_kernel.o
                0x08000ee4                hr_kernel_init
 .text.hr_kernel_register_task
                0x08000f7c       0xb0 build/06-priority-scheduler/kernel/src/hr_kernel.o
                0x08000f7c                hr_kernel_register_task
 .text.hr_kernel_prepare_start
                0x0800102c       0x6c build/06-priority-scheduler/kernel/src/hr_kernel.o
                0x0800102c                hr_kernel_prepare_start
 .text.hr_kernel_select_next_from_pendsv
                0x08001098       0xd8 build/06-priority-scheduler/kernel/src/hr_kernel.o
                0x08001098                hr_kernel_select_next_from_pendsv
 .text.hr_kernel_start
                0x08001170       0x20 build/06-priority-scheduler/kernel/src/hr_kernel.o
                0x08001170                hr_kernel_start
 .text.hr_kernel_is_running
                0x08001190       0x14 build/06-priority-scheduler/kernel/src/hr_kernel.o
                0x08001190                hr_kernel_is_running
 .text.hr_kernel_current_task_internal
                0x080011a4        0xc build/06-priority-scheduler/kernel/src/hr_kernel.o
                0x080011a4                hr_kernel_current_task_internal
 .text.Reset_Handler
                0x080011b0       0x44 build/06-priority-scheduler/soc/stm32f1/startup_stm32f103.o
                0x080011b0                Reset_Handler
 .text.Default_Handler
                0x080011f4        0x4 build/06-priority-scheduler/soc/stm32f1/startup_stm32f103.o
                0x080011f4                EXTI2_IRQHandler
                0x080011f4                DebugMon_Handler
                0x080011f4                TIM1_CC_IRQHandler
                0x080011f4                PVD_IRQHandler
                0x080011f4                NMI_Handler
                0x080011f4                EXTI3_IRQHandler
                0x080011f4                EXTI0_IRQHandler
                0x080011f4                I2C2_EV_IRQHandler
                0x080011f4                ADC1_2_IRQHandler
                0x080011f4                SPI1_IRQHandler
                0x080011f4                TAMPER_IRQHandler
                0x080011f4                DMA1_Channel4_IRQHandler
                0x080011f4                USART3_IRQHandler
                0x080011f4                RTC_IRQHandler
                0x080011f4                DMA1_Channel7_IRQHandler
                0x080011f4                CAN1_RX1_IRQHandler
                0x080011f4                TIM4_IRQHandler
                0x080011f4                I2C1_EV_IRQHandler
                0x080011f4                DMA1_Channel6_IRQHandler
                0x080011f4                TIM3_IRQHandler
                0x080011f4                RCC_IRQHandler
                0x080011f4                TIM1_TRG_COM_IRQHandler
                0x080011f4                DMA1_Channel1_IRQHandler
                0x080011f4                EXTI15_10_IRQHandler
                0x080011f4                EXTI9_5_IRQHandler
                0x080011f4                SPI2_IRQHandler
                0x080011f4                DMA1_Channel5_IRQHandler
                0x080011f4                EXTI4_IRQHandler
                0x080011f4                USB_LP_CAN1_RX0_IRQHandler
                0x080011f4                USB_HP_CAN1_TX_IRQHandler
                0x080011f4                DMA1_Channel3_IRQHandler
                0x080011f4                TIM1_UP_IRQHandler
                0x080011f4                WWDG_IRQHandler
                0x080011f4                TIM2_IRQHandler
                0x080011f4                TIM1_BRK_IRQHandler
                0x080011f4                EXTI1_IRQHandler
                0x080011f4                RTCAlarm_IRQHandler
                0x080011f4                USART2_IRQHandler
                0x080011f4                I2C2_ER_IRQHandler
                0x080011f4                DMA1_Channel2_IRQHandler
                0x080011f4                CAN1_SCE_IRQHandler
                0x080011f4                FLASH_IRQHandler
                0x080011f4                USART1_IRQHandler
                0x080011f4                I2C1_ER_IRQHandler
                0x080011f4                USBWakeUp_IRQHandler
 *(.rodata)
 *(.rodata*)
 .rodata.divisors.0
                0x080011f8        0x8 build/06-priority-scheduler/soc/stm32f1/stm32f1_clock.o
 .rodata.divisors.1
                0x08001200       0x20 build/06-priority-scheduler/soc/stm32f1/stm32f1_clock.o
 .rodata.board_uart_write_line.str1.4
                0x08001220      0x355 build/06-priority-scheduler/boards/bluepill_f103c8/board.o
                                  0x3 (size before relaxing)
 .rodata.board_print_boot_banner.str1.4
                0x08001575       0xa8 build/06-priority-scheduler/boards/bluepill_f103c8/board.o
 .rodata.low_priority_task.str1.4
                0x08001575       0x3a build/06-priority-scheduler/examples/06-priority-scheduler/main.o
 .rodata.phase6_verify_current.str1.4
                0x08001575       0x54 build/06-priority-scheduler/examples/06-priority-scheduler/main.o
 .rodata.high_priority_task_b.str1.4
                0x08001575       0x55 build/06-priority-scheduler/examples/06-priority-scheduler/main.o
 .rodata.high_priority_task_a.str1.4
                0x08001575       0x26 build/06-priority-scheduler/examples/06-priority-scheduler/main.o
 .rodata.main.str1.4
                0x08001575      0x199 build/06-priority-scheduler/examples/06-priority-scheduler/main.o
 .rodata.hr_kernel_init.str1.4
                0x08001575        0x5 build/06-priority-scheduler/kernel/src/hr_kernel.o
 *(.init)
 *(.fini)
                0x08001710                        . = ALIGN (0x4)
 *fill*         0x08001575        0x3 
                0x08001578                        _etext = .

.glue_7         0x08001578        0x0
 .glue_7        0x08001578        0x0 linker stubs

.glue_7t        0x08001578        0x0
 .glue_7t       0x08001578        0x0 linker stubs

.vfp11_veneer   0x08001578        0x0
 .vfp11_veneer  0x08001578        0x0 linker stubs

.v4_bx          0x08001578        0x0
 .v4_bx         0x08001578        0x0 linker stubs

.iplt           0x08001578        0x0
 .iplt          0x08001578        0x0 build/06-priority-scheduler/soc/stm32f1/system_stm32f1.o

.rel.dyn        0x08001578        0x0
 .rel.iplt      0x08001578        0x0 build/06-priority-scheduler/soc/stm32f1/system_stm32f1.o

.ARM.extab
 *(.ARM.extab* .gnu.linkonce.armextab.*)

.ARM.exidx      0x08001578        0x0
                0x08001578                        __exidx_start = .
 *(.ARM.exidx*)
                0x08001578                        __exidx_end = .
                0x08001578                        _sidata = LOADADDR (.data)

.data           0x20000000        0x4 load address 0x08001578
                0x20000000                        . = ALIGN (0x4)
                0x20000000                        _sdata = .
 *(.data)
 *(.data*)
 .data.SystemCoreClock
                0x20000000        0x4 build/06-priority-scheduler/soc/stm32f1/system_stm32f1.o
                0x20000000                SystemCoreClock
                0x20000004                        . = ALIGN (0x4)
                0x20000004                        _edata = .

.igot.plt       0x20000004        0x0 load address 0x0800157c
 .igot.plt      0x20000004        0x0 build/06-priority-scheduler/soc/stm32f1/system_stm32f1.o

.bss            0x20000008      0xf5c load address 0x0800157c
                0x20000008                        . = ALIGN (0x4)
                0x20000008                        _sbss = .
                0x20000008                        __bss_start__ = .
 *(.bss)
 *(.bss*)
 .bss.g_millisecond_tick
                0x20000008        0x4 build/06-priority-scheduler/drivers/timer/src/hr_hw_timer_stm32f1.o
 .bss.g_high_stack_b
                0x2000000c      0x280 build/06-priority-scheduler/examples/06-priority-scheduler/main.o
 .bss.g_high_stack_a
                0x2000028c      0x280 build/06-priority-scheduler/examples/06-priority-scheduler/main.o
 .bss.g_low_stack
                0x2000050c      0x280 build/06-priority-scheduler/examples/06-priority-scheduler/main.o
 *fill*         0x2000078c        0x4 
 .bss.g_high_task_b
                0x20000790      0x140 build/06-priority-scheduler/examples/06-priority-scheduler/main.o
 .bss.g_high_task_a
                0x200008d0      0x140 build/06-priority-scheduler/examples/06-priority-scheduler/main.o
 .bss.g_low_task
                0x20000a10      0x140 build/06-priority-scheduler/examples/06-priority-scheduler/main.o
 .bss.g_hr_current_task_control_block
                0x20000b50        0x4 build/06-priority-scheduler/kernel/src/hr_kernel.o
                0x20000b50                g_hr_current_task_control_block
 .bss.g_idle_stack
                0x20000b54      0x200 build/06-priority-scheduler/kernel/src/hr_kernel.o
 *fill*         0x20000d54        0x4 
 .bss.g_idle_task
                0x20000d58      0x140 build/06-priority-scheduler/kernel/src/hr_kernel.o
 .bss.g_kernel_tick
                0x20000e98        0x4 build/06-priority-scheduler/kernel/src/hr_kernel.o
 .bss.g_task_count
                0x20000e9c        0x4 build/06-priority-scheduler/kernel/src/hr_kernel.o
 .bss.g_current_task
                0x20000ea0        0x4 build/06-priority-scheduler/kernel/src/hr_kernel.o
 .bss.g_all_tasks
                0x20000ea4       0x14 build/06-priority-scheduler/kernel/src/hr_kernel.o
 .bss.g_scheduler
                0x20000eb8       0xa8 build/06-priority-scheduler/kernel/src/hr_kernel.o
 .bss.g_kernel_state
                0x20000f60        0x1 build/06-priority-scheduler/kernel/src/hr_kernel.o
 *(COMMON)
                0x20000f64                        . = ALIGN (0x4)
 *fill*         0x20000f61        0x3 
                0x20000f64                        _ebss = .
                0x20000f64                        __bss_end__ = .

.heap           0x20000f64        0x4 load address 0x0800157c
                0x20000f68                        . = ALIGN (0x8)
 *fill*         0x20000f64        0x4 
                0x20000f68                        __end__ = .
                0x20000f68                        end = __end__
                0x20000f68                        . = (. + _Min_Heap_Size)
                0x20000f68                        __heap_end__ = .

/DISCARD/
 *(.comment)
 *(.note*)
                0x00000001                        ASSERT ((__heap_end__ <= _sstack), RAM overflow: data/heap collides with reserved main stack)
OUTPUT(build/06-priority-scheduler/hairtos_baremetal.elf elf32-littlearm)
LOAD linker stubs

.ARM.attributes
                0x00000000       0x2b
 .ARM.attributes
                0x00000000       0x2d build/06-priority-scheduler/soc/stm32f1/system_stm32f1.o
 .ARM.attributes
                0x0000002d       0x2d build/06-priority-scheduler/soc/stm32f1/stm32f1_clock.o
 .ARM.attributes
                0x0000005a       0x2d build/06-priority-scheduler/soc/stm32f1/stm32f1_irq.o
 .ARM.attributes
                0x00000087       0x2d build/06-priority-scheduler/boards/bluepill_f103c8/board.o
 .ARM.attributes
                0x000000b4       0x2d build/06-priority-scheduler/boards/bluepill_f103c8/board_clock.o
 .ARM.attributes
                0x000000e1       0x2d build/06-priority-scheduler/drivers/gpio/src/hr_gpio_stm32f1.o
 .ARM.attributes
                0x0000010e       0x2d build/06-priority-scheduler/drivers/uart/src/hr_uart_stm32f1.o
 .ARM.attributes
                0x0000013b       0x2d build/06-priority-scheduler/drivers/timer/src/hr_hw_timer_stm32f1.o
 .ARM.attributes
                0x00000168       0x2d build/06-priority-scheduler/examples/06-priority-scheduler/main.o
 .ARM.attributes
                0x00000195       0x2d build/06-priority-scheduler/kernel/src/hr_list.o
 .ARM.attributes
                0x000001c2       0x2d build/06-priority-scheduler/kernel/src/hr_scheduler.o
 .ARM.attributes
                0x000001ef       0x2d build/06-priority-scheduler/kernel/src/hr_wait.o
 .ARM.attributes
                0x0000021c       0x2d build/06-priority-scheduler/kernel/src/hr_timeout.o
 .ARM.attributes
                0x00000249       0x2d build/06-priority-scheduler/kernel/src/hr_task.o
 .ARM.attributes
                0x00000276       0x2d build/06-priority-scheduler/arch/arm/cortex-m3/hr_port.o
 .ARM.attributes
                0x000002a3       0x2d build/06-priority-scheduler/arch/arm/cortex-m3/hr_port_stack.o
 .ARM.attributes
                0x000002d0       0x2d build/06-priority-scheduler/kernel/src/hr_kernel.o
 .ARM.attributes
                0x000002fd       0x21 build/06-priority-scheduler/soc/stm32f1/startup_stm32f103.o
 .ARM.attributes
                0x0000031e       0x21 build/06-priority-scheduler/arch/arm/cortex-m3/hr_portasm.o

.debug_info     0x00000000     0x62cc
 .debug_info    0x00000000      0x2df build/06-priority-scheduler/soc/stm32f1/system_stm32f1.o
 .debug_info    0x000002df      0x476 build/06-priority-scheduler/soc/stm32f1/stm32f1_clock.o
 .debug_info    0x00000755      0x13b build/06-priority-scheduler/soc/stm32f1/stm32f1_irq.o
 .debug_info    0x00000890      0x5c4 build/06-priority-scheduler/boards/bluepill_f103c8/board.o
 .debug_info    0x00000e54       0xc1 build/06-priority-scheduler/boards/bluepill_f103c8/board_clock.o
 .debug_info    0x00000f15      0x572 build/06-priority-scheduler/drivers/gpio/src/hr_gpio_stm32f1.o
 .debug_info    0x00001487      0x304 build/06-priority-scheduler/drivers/uart/src/hr_uart_stm32f1.o
 .debug_info    0x0000178b      0x19c build/06-priority-scheduler/drivers/timer/src/hr_hw_timer_stm32f1.o
 .debug_info    0x00001927      0x89b build/06-priority-scheduler/examples/06-priority-scheduler/main.o
 .debug_info    0x000021c2      0x663 build/06-priority-scheduler/kernel/src/hr_list.o
 .debug_info    0x00002825      0xb16 build/06-priority-scheduler/kernel/src/hr_scheduler.o
 .debug_info    0x0000333b      0x6db build/06-priority-scheduler/kernel/src/hr_wait.o
 .debug_info    0x00003a16      0x875 build/06-priority-scheduler/kernel/src/hr_timeout.o
 .debug_info    0x0000428b      0xc5f build/06-priority-scheduler/kernel/src/hr_task.o
 .debug_info    0x00004eea      0x28b build/06-priority-scheduler/arch/arm/cortex-m3/hr_port.o
 .debug_info    0x00005175      0x1e5 build/06-priority-scheduler/arch/arm/cortex-m3/hr_port_stack.o
 .debug_info    0x0000535a      0xc48 build/06-priority-scheduler/kernel/src/hr_kernel.o
 .debug_info    0x00005fa2      0x2e3 build/06-priority-scheduler/soc/stm32f1/startup_stm32f103.o
 .debug_info    0x00006285       0x47 build/06-priority-scheduler/arch/arm/cortex-m3/hr_portasm.o

.debug_abbrev   0x00000000     0x1964
 .debug_abbrev  0x00000000      0x10b build/06-priority-scheduler/soc/stm32f1/system_stm32f1.o
 .debug_abbrev  0x0000010b      0x191 build/06-priority-scheduler/soc/stm32f1/stm32f1_clock.o
 .debug_abbrev  0x0000029c       0x96 build/06-priority-scheduler/soc/stm32f1/stm32f1_irq.o
 .debug_abbrev  0x00000332      0x1a0 build/06-priority-scheduler/boards/bluepill_f103c8/board.o
 .debug_abbrev  0x000004d2       0x6a build/06-priority-scheduler/boards/bluepill_f103c8/board_clock.o
 .debug_abbrev  0x0000053c      0x183 build/06-priority-scheduler/drivers/gpio/src/hr_gpio_stm32f1.o
 .debug_abbrev  0x000006bf      0x156 build/06-priority-scheduler/drivers/uart/src/hr_uart_stm32f1.o
 .debug_abbrev  0x00000815      0x13f build/06-priority-scheduler/drivers/timer/src/hr_hw_timer_stm32f1.o
 .debug_abbrev  0x00000954      0x224 build/06-priority-scheduler/examples/06-priority-scheduler/main.o
 .debug_abbrev  0x00000b78      0x140 build/06-priority-scheduler/kernel/src/hr_list.o
 .debug_abbrev  0x00000cb8      0x210 build/06-priority-scheduler/kernel/src/hr_scheduler.o
 .debug_abbrev  0x00000ec8      0x187 build/06-priority-scheduler/kernel/src/hr_wait.o
 .debug_abbrev  0x0000104f      0x1d2 build/06-priority-scheduler/kernel/src/hr_timeout.o
 .debug_abbrev  0x00001221      0x273 build/06-priority-scheduler/kernel/src/hr_task.o
 .debug_abbrev  0x00001494      0x13a build/06-priority-scheduler/arch/arm/cortex-m3/hr_port.o
 .debug_abbrev  0x000015ce       0xb6 build/06-priority-scheduler/arch/arm/cortex-m3/hr_port_stack.o
 .debug_abbrev  0x00001684      0x292 build/06-priority-scheduler/kernel/src/hr_kernel.o
 .debug_abbrev  0x00001916       0x26 build/06-priority-scheduler/soc/stm32f1/startup_stm32f103.o
 .debug_abbrev  0x0000193c       0x28 build/06-priority-scheduler/arch/arm/cortex-m3/hr_portasm.o

.debug_aranges  0x00000000      0x670
 .debug_aranges
                0x00000000       0x30 build/06-priority-scheduler/soc/stm32f1/system_stm32f1.o
 .debug_aranges
                0x00000030       0x50 build/06-priority-scheduler/soc/stm32f1/stm32f1_clock.o
 .debug_aranges
                0x00000080       0x40 build/06-priority-scheduler/soc/stm32f1/stm32f1_irq.o
 .debug_aranges
                0x000000c0       0x78 build/06-priority-scheduler/boards/bluepill_f103c8/board.o
 .debug_aranges
                0x00000138       0x28 build/06-priority-scheduler/boards/bluepill_f103c8/board_clock.o
 .debug_aranges
                0x00000160       0x60 build/06-priority-scheduler/drivers/gpio/src/hr_gpio_stm32f1.o
 .debug_aranges
                0x000001c0       0x38 build/06-priority-scheduler/drivers/uart/src/hr_uart_stm32f1.o
 .debug_aranges
                0x000001f8       0x38 build/06-priority-scheduler/drivers/timer/src/hr_hw_timer_stm32f1.o
 .debug_aranges
                0x00000230       0x40 build/06-priority-scheduler/examples/06-priority-scheduler/main.o
 .debug_aranges
                0x00000270       0xa8 build/06-priority-scheduler/kernel/src/hr_list.o
 .debug_aranges
                0x00000318       0xc0 build/06-priority-scheduler/kernel/src/hr_scheduler.o
 .debug_aranges
                0x000003d8       0x60 build/06-priority-scheduler/kernel/src/hr_wait.o
 .debug_aranges
                0x00000438       0x70 build/06-priority-scheduler/kernel/src/hr_timeout.o
 .debug_aranges
                0x000004a8       0xa8 build/06-priority-scheduler/kernel/src/hr_task.o
 .debug_aranges
                0x00000550       0x40 build/06-priority-scheduler/arch/arm/cortex-m3/hr_port.o
 .debug_aranges
                0x00000590       0x28 build/06-priority-scheduler/arch/arm/cortex-m3/hr_port_stack.o
 .debug_aranges
                0x000005b8       0x70 build/06-priority-scheduler/kernel/src/hr_kernel.o
 .debug_aranges
                0x00000628       0x28 build/06-priority-scheduler/soc/stm32f1/startup_stm32f103.o
 .debug_aranges
                0x00000650       0x20 build/06-priority-scheduler/arch/arm/cortex-m3/hr_portasm.o

.debug_rnglists
                0x00000000      0x499
 .debug_rnglists
                0x00000000       0x1f build/06-priority-scheduler/soc/stm32f1/system_stm32f1.o
 .debug_rnglists
                0x0000001f       0x37 build/06-priority-scheduler/soc/stm32f1/stm32f1_clock.o
 .debug_rnglists
                0x00000056       0x2b build/06-priority-scheduler/soc/stm32f1/stm32f1_irq.o
 .debug_rnglists
                0x00000081       0x55 build/06-priority-scheduler/boards/bluepill_f103c8/board.o
 .debug_rnglists
                0x000000d6       0x19 build/06-priority-scheduler/boards/bluepill_f103c8/board_clock.o
 .debug_rnglists
                0x000000ef       0x43 build/06-priority-scheduler/drivers/gpio/src/hr_gpio_stm32f1.o
 .debug_rnglists
                0x00000132       0x25 build/06-priority-scheduler/drivers/uart/src/hr_uart_stm32f1.o
 .debug_rnglists
                0x00000157       0x25 build/06-priority-scheduler/drivers/timer/src/hr_hw_timer_stm32f1.o
 .debug_rnglists
                0x0000017c       0x2c build/06-priority-scheduler/examples/06-priority-scheduler/main.o
 .debug_rnglists
                0x000001a8       0x7a build/06-priority-scheduler/kernel/src/hr_list.o
 .debug_rnglists
                0x00000222       0x8b build/06-priority-scheduler/kernel/src/hr_scheduler.o
 .debug_rnglists
                0x000002ad       0x4f build/06-priority-scheduler/kernel/src/hr_wait.o
 .debug_rnglists
                0x000002fc       0x73 build/06-priority-scheduler/kernel/src/hr_timeout.o
 .debug_rnglists
                0x0000036f       0x7a build/06-priority-scheduler/kernel/src/hr_task.o
 .debug_rnglists
                0x000003e9       0x2b build/06-priority-scheduler/arch/arm/cortex-m3/hr_port.o
 .debug_rnglists
                0x00000414       0x1a build/06-priority-scheduler/arch/arm/cortex-m3/hr_port_stack.o
 .debug_rnglists
                0x0000042e       0x52 build/06-priority-scheduler/kernel/src/hr_kernel.o
 .debug_rnglists
                0x00000480       0x19 build/06-priority-scheduler/soc/stm32f1/startup_stm32f103.o

.debug_macro    0x00000000     0x19d3
 .debug_macro   0x00000000       0x3b build/06-priority-scheduler/soc/stm32f1/system_stm32f1.o
 .debug_macro   0x0000003b      0xac0 build/06-priority-scheduler/soc/stm32f1/system_stm32f1.o
 .debug_macro   0x00000afb       0x22 build/06-priority-scheduler/soc/stm32f1/system_stm32f1.o
 .debug_macro   0x00000b1d      0x190 build/06-priority-scheduler/soc/stm32f1/system_stm32f1.o
 .debug_macro   0x00000cad      0x34e build/06-priority-scheduler/soc/stm32f1/system_stm32f1.o
 .debug_macro   0x00000ffb      0x193 build/06-priority-scheduler/soc/stm32f1/system_stm32f1.o
 .debug_macro   0x0000118e       0x41 build/06-priority-scheduler/soc/stm32f1/stm32f1_clock.o
 .debug_macro   0x000011cf       0x3b build/06-priority-scheduler/soc/stm32f1/stm32f1_irq.o
 .debug_macro   0x0000120a       0x78 build/06-priority-scheduler/boards/bluepill_f103c8/board.o
 .debug_macro   0x00001282       0x2e build/06-priority-scheduler/boards/bluepill_f103c8/board.o
 .debug_macro   0x000012b0       0x45 build/06-priority-scheduler/boards/bluepill_f103c8/board_clock.o
 .debug_macro   0x000012f5       0x4b build/06-priority-scheduler/drivers/gpio/src/hr_gpio_stm32f1.o
 .debug_macro   0x00001340       0x5b build/06-priority-scheduler/drivers/uart/src/hr_uart_stm32f1.o
 .debug_macro   0x0000139b       0x45 build/06-priority-scheduler/drivers/timer/src/hr_hw_timer_stm32f1.o
 .debug_macro   0x000013e0       0x95 build/06-priority-scheduler/examples/06-priority-scheduler/main.o
 .debug_macro   0x00001475       0xac build/06-priority-scheduler/examples/06-priority-scheduler/main.o
 .debug_macro   0x00001521       0x37 build/06-priority-scheduler/kernel/src/hr_list.o
 .debug_macro   0x00001558       0x6f build/06-priority-scheduler/kernel/src/hr_scheduler.o
 .debug_macro   0x000015c7       0x6f build/06-priority-scheduler/kernel/src/hr_wait.o
 .debug_macro   0x00001636       0x6f build/06-priority-scheduler/kernel/src/hr_timeout.o
 .debug_macro   0x000016a5       0xd5 build/06-priority-scheduler/kernel/src/hr_task.o
 .debug_macro   0x0000177a       0xae build/06-priority-scheduler/arch/arm/cortex-m3/hr_port.o
 .debug_macro   0x00001828       0x82 build/06-priority-scheduler/arch/arm/cortex-m3/hr_port.o
 .debug_macro   0x000018aa       0x52 build/06-priority-scheduler/arch/arm/cortex-m3/hr_port_stack.o
 .debug_macro   0x000018fc       0xd7 build/06-priority-scheduler/kernel/src/hr_kernel.o

.debug_line     0x00000000     0x3a36
 .debug_line    0x00000000      0x15a build/06-priority-scheduler/soc/stm32f1/system_stm32f1.o
 .debug_line    0x0000015a      0x26c build/06-priority-scheduler/soc/stm32f1/stm32f1_clock.o
 .debug_line    0x000003c6      0x135 build/06-priority-scheduler/soc/stm32f1/stm32f1_irq.o
 .debug_line    0x000004fb      0x32a build/06-priority-scheduler/boards/bluepill_f103c8/board.o
 .debug_line    0x00000825      0x110 build/06-priority-scheduler/boards/bluepill_f103c8/board_clock.o
 .debug_line    0x00000935      0x2ec build/06-priority-scheduler/drivers/gpio/src/hr_gpio_stm32f1.o
 .debug_line    0x00000c21      0x202 build/06-priority-scheduler/drivers/uart/src/hr_uart_stm32f1.o
 .debug_line    0x00000e23      0x1af build/06-priority-scheduler/drivers/timer/src/hr_hw_timer_stm32f1.o
 .debug_line    0x00000fd2      0x2f2 build/06-priority-scheduler/examples/06-priority-scheduler/main.o
 .debug_line    0x000012c4      0x626 build/06-priority-scheduler/kernel/src/hr_list.o
 .debug_line    0x000018ea      0x706 build/06-priority-scheduler/kernel/src/hr_scheduler.o
 .debug_line    0x00001ff0      0x381 build/06-priority-scheduler/kernel/src/hr_wait.o
 .debug_line    0x00002371      0x583 build/06-priority-scheduler/kernel/src/hr_timeout.o
 .debug_line    0x000028f4      0x6a0 build/06-priority-scheduler/kernel/src/hr_task.o
 .debug_line    0x00002f94      0x1b5 build/06-priority-scheduler/arch/arm/cortex-m3/hr_port.o
 .debug_line    0x00003149      0x208 build/06-priority-scheduler/arch/arm/cortex-m3/hr_port_stack.o
 .debug_line    0x00003351      0x5fd build/06-priority-scheduler/kernel/src/hr_kernel.o
 .debug_line    0x0000394e       0x73 build/06-priority-scheduler/soc/stm32f1/startup_stm32f103.o
 .debug_line    0x000039c1       0x75 build/06-priority-scheduler/arch/arm/cortex-m3/hr_portasm.o

.debug_str      0x00000000     0x688b
 .debug_str     0x00000000     0x688b build/06-priority-scheduler/soc/stm32f1/system_stm32f1.o
                               0x4688 (size before relaxing)
 .debug_str     0x0000688b     0x46fb build/06-priority-scheduler/soc/stm32f1/stm32f1_clock.o
 .debug_str     0x0000688b     0x45ba build/06-priority-scheduler/soc/stm32f1/stm32f1_irq.o
 .debug_str     0x0000688b     0x4948 build/06-priority-scheduler/boards/bluepill_f103c8/board.o
 .debug_str     0x0000688b     0x45a0 build/06-priority-scheduler/boards/bluepill_f103c8/board_clock.o
 .debug_str     0x0000688b     0x4759 build/06-priority-scheduler/drivers/gpio/src/hr_gpio_stm32f1.o
 .debug_str     0x0000688b     0x472c build/06-priority-scheduler/drivers/uart/src/hr_uart_stm32f1.o
 .debug_str     0x0000688b     0x4628 build/06-priority-scheduler/drivers/timer/src/hr_hw_timer_stm32f1.o
 .debug_str     0x0000688b     0x4364 build/06-priority-scheduler/examples/06-priority-scheduler/main.o
 .debug_str     0x0000688b     0x34c7 build/06-priority-scheduler/kernel/src/hr_list.o
 .debug_str     0x0000688b     0x445b build/06-priority-scheduler/kernel/src/hr_scheduler.o
 .debug_str     0x0000688b     0x430e build/06-priority-scheduler/kernel/src/hr_wait.o
 .debug_str     0x0000688b     0x43bb build/06-priority-scheduler/kernel/src/hr_timeout.o
 .debug_str     0x0000688b     0x4699 build/06-priority-scheduler/kernel/src/hr_task.o
 .debug_str     0x0000688b     0x4536 build/06-priority-scheduler/arch/arm/cortex-m3/hr_port.o
 .debug_str     0x0000688b     0x42bd build/06-priority-scheduler/arch/arm/cortex-m3/hr_port_stack.o
 .debug_str     0x0000688b     0x47fd build/06-priority-scheduler/kernel/src/hr_kernel.o
 .debug_str     0x0000688b      0x44d build/06-priority-scheduler/soc/stm32f1/startup_stm32f103.o
 .debug_str     0x0000688b       0x8b build/06-priority-scheduler/arch/arm/cortex-m3/hr_portasm.o

.debug_frame    0x00000000      0xf44
 .debug_frame   0x00000000       0x50 build/06-priority-scheduler/soc/stm32f1/system_stm32f1.o
 .debug_frame   0x00000050       0xb4 build/06-priority-scheduler/soc/stm32f1/stm32f1_clock.o
 .debug_frame   0x00000104       0x80 build/06-priority-scheduler/soc/stm32f1/stm32f1_irq.o
 .debug_frame   0x00000184      0x138 build/06-priority-scheduler/boards/bluepill_f103c8/board.o
 .debug_frame   0x000002bc       0x30 build/06-priority-scheduler/boards/bluepill_f103c8/board_clock.o
 .debug_frame   0x000002ec       0xdc build/06-priority-scheduler/drivers/gpio/src/hr_gpio_stm32f1.o
 .debug_frame   0x000003c8       0x6c build/06-priority-scheduler/drivers/uart/src/hr_uart_stm32f1.o
 .debug_frame   0x00000434       0x50 build/06-priority-scheduler/drivers/timer/src/hr_hw_timer_stm32f1.o
 .debug_frame   0x00000484       0xa0 build/06-priority-scheduler/examples/06-priority-scheduler/main.o
 .debug_frame   0x00000524      0x18c build/06-priority-scheduler/kernel/src/hr_list.o
 .debug_frame   0x000006b0      0x26c build/06-priority-scheduler/kernel/src/hr_scheduler.o
 .debug_frame   0x0000091c      0x130 build/06-priority-scheduler/kernel/src/hr_wait.o
 .debug_frame   0x00000a4c      0x174 build/06-priority-scheduler/kernel/src/hr_timeout.o
 .debug_frame   0x00000bc0      0x1cc build/06-priority-scheduler/kernel/src/hr_task.o
 .debug_frame   0x00000d8c       0x6c build/06-priority-scheduler/arch/arm/cortex-m3/hr_port.o
 .debug_frame   0x00000df8       0x3c build/06-priority-scheduler/arch/arm/cortex-m3/hr_port_stack.o
 .debug_frame   0x00000e34      0x110 build/06-priority-scheduler/kernel/src/hr_kernel.o

.debug_loclists
                0x00000000     0x23e7
 .debug_loclists
                0x00000000      0x15a build/06-priority-scheduler/soc/stm32f1/stm32f1_clock.o
 .debug_loclists
                0x0000015a       0xc7 build/06-priority-scheduler/boards/bluepill_f103c8/board.o
 .debug_loclists
                0x00000221      0x2f7 build/06-priority-scheduler/drivers/gpio/src/hr_gpio_stm32f1.o
 .debug_loclists
                0x00000518       0xc8 build/06-priority-scheduler/drivers/uart/src/hr_uart_stm32f1.o
 .debug_loclists
                0x000005e0       0x3f build/06-priority-scheduler/drivers/timer/src/hr_hw_timer_stm32f1.o
 .debug_loclists
                0x0000061f      0x105 build/06-priority-scheduler/examples/06-priority-scheduler/main.o
 .debug_loclists
                0x00000724      0x5b8 build/06-priority-scheduler/kernel/src/hr_list.o
 .debug_loclists
                0x00000cdc      0x655 build/06-priority-scheduler/kernel/src/hr_scheduler.o
 .debug_loclists
                0x00001331      0x32f build/06-priority-scheduler/kernel/src/hr_wait.o
 .debug_loclists
                0x00001660      0x465 build/06-priority-scheduler/kernel/src/hr_timeout.o
 .debug_loclists
                0x00001ac5      0x414 build/06-priority-scheduler/kernel/src/hr_task.o
 .debug_loclists
                0x00001ed9       0xd1 build/06-priority-scheduler/arch/arm/cortex-m3/hr_port.o
 .debug_loclists
                0x00001faa      0x288 build/06-priority-scheduler/arch/arm/cortex-m3/hr_port_stack.o
 .debug_loclists
                0x00002232      0x1b5 build/06-priority-scheduler/kernel/src/hr_kernel.o

.debug_line_str
                0x00000000       0x6b
 .debug_line_str
                0x00000000       0x6b build/06-priority-scheduler/soc/stm32f1/startup_stm32f103.o
                                 0x4b (size before relaxing)
 .debug_line_str
                0x0000006b       0x4b build/06-priority-scheduler/arch/arm/cortex-m3/hr_portasm.o

Cross Reference Table

Symbol                                            File
ADC1_2_IRQHandler                                 build/06-priority-scheduler/soc/stm32f1/startup_stm32f103.o
BusFault_Handler                                  build/06-priority-scheduler/soc/stm32f1/stm32f1_irq.o
CAN1_RX1_IRQHandler                               build/06-priority-scheduler/soc/stm32f1/startup_stm32f103.o
CAN1_SCE_IRQHandler                               build/06-priority-scheduler/soc/stm32f1/startup_stm32f103.o
DMA1_Channel1_IRQHandler                          build/06-priority-scheduler/soc/stm32f1/startup_stm32f103.o
DMA1_Channel2_IRQHandler                          build/06-priority-scheduler/soc/stm32f1/startup_stm32f103.o
DMA1_Channel3_IRQHandler                          build/06-priority-scheduler/soc/stm32f1/startup_stm32f103.o
DMA1_Channel4_IRQHandler                          build/06-priority-scheduler/soc/stm32f1/startup_stm32f103.o
DMA1_Channel5_IRQHandler                          build/06-priority-scheduler/soc/stm32f1/startup_stm32f103.o
DMA1_Channel6_IRQHandler                          build/06-priority-scheduler/soc/stm32f1/startup_stm32f103.o
DMA1_Channel7_IRQHandler                          build/06-priority-scheduler/soc/stm32f1/startup_stm32f103.o
DebugMon_Handler                                  build/06-priority-scheduler/soc/stm32f1/startup_stm32f103.o
EXTI0_IRQHandler                                  build/06-priority-scheduler/soc/stm32f1/startup_stm32f103.o
EXTI15_10_IRQHandler                              build/06-priority-scheduler/soc/stm32f1/startup_stm32f103.o
EXTI1_IRQHandler                                  build/06-priority-scheduler/soc/stm32f1/startup_stm32f103.o
EXTI2_IRQHandler                                  build/06-priority-scheduler/soc/stm32f1/startup_stm32f103.o
EXTI3_IRQHandler                                  build/06-priority-scheduler/soc/stm32f1/startup_stm32f103.o
EXTI4_IRQHandler                                  build/06-priority-scheduler/soc/stm32f1/startup_stm32f103.o
EXTI9_5_IRQHandler                                build/06-priority-scheduler/soc/stm32f1/startup_stm32f103.o
FLASH_IRQHandler                                  build/06-priority-scheduler/soc/stm32f1/startup_stm32f103.o
HardFault_Handler                                 build/06-priority-scheduler/soc/stm32f1/stm32f1_irq.o
I2C1_ER_IRQHandler                                build/06-priority-scheduler/soc/stm32f1/startup_stm32f103.o
I2C1_EV_IRQHandler                                build/06-priority-scheduler/soc/stm32f1/startup_stm32f103.o
I2C2_ER_IRQHandler                                build/06-priority-scheduler/soc/stm32f1/startup_stm32f103.o
I2C2_EV_IRQHandler                                build/06-priority-scheduler/soc/stm32f1/startup_stm32f103.o
MemManage_Handler                                 build/06-priority-scheduler/soc/stm32f1/stm32f1_irq.o
NMI_Handler                                       build/06-priority-scheduler/soc/stm32f1/startup_stm32f103.o
PVD_IRQHandler                                    build/06-priority-scheduler/soc/stm32f1/startup_stm32f103.o
PendSV_Handler                                    build/06-priority-scheduler/arch/arm/cortex-m3/hr_portasm.o
                                                  build/06-priority-scheduler/soc/stm32f1/startup_stm32f103.o
RCC_IRQHandler                                    build/06-priority-scheduler/soc/stm32f1/startup_stm32f103.o
RTCAlarm_IRQHandler                               build/06-priority-scheduler/soc/stm32f1/startup_stm32f103.o
RTC_IRQHandler                                    build/06-priority-scheduler/soc/stm32f1/startup_stm32f103.o
Reset_Handler                                     build/06-priority-scheduler/soc/stm32f1/startup_stm32f103.o
SPI1_IRQHandler                                   build/06-priority-scheduler/soc/stm32f1/startup_stm32f103.o
SPI2_IRQHandler                                   build/06-priority-scheduler/soc/stm32f1/startup_stm32f103.o
SVC_Handler                                       build/06-priority-scheduler/arch/arm/cortex-m3/hr_portasm.o
                                                  build/06-priority-scheduler/soc/stm32f1/startup_stm32f103.o
SysTick_Handler                                   build/06-priority-scheduler/drivers/timer/src/hr_hw_timer_stm32f1.o
SystemCoreClock                                   build/06-priority-scheduler/soc/stm32f1/system_stm32f1.o
                                                  build/06-priority-scheduler/boards/bluepill_f103c8/board_clock.o
                                                  build/06-priority-scheduler/boards/bluepill_f103c8/board.o
                                                  build/06-priority-scheduler/soc/stm32f1/stm32f1_clock.o
SystemCoreClockUpdate                             build/06-priority-scheduler/soc/stm32f1/system_stm32f1.o
SystemInit                                        build/06-priority-scheduler/soc/stm32f1/system_stm32f1.o
                                                  build/06-priority-scheduler/soc/stm32f1/startup_stm32f103.o
TAMPER_IRQHandler                                 build/06-priority-scheduler/soc/stm32f1/startup_stm32f103.o
TIM1_BRK_IRQHandler                               build/06-priority-scheduler/soc/stm32f1/startup_stm32f103.o
TIM1_CC_IRQHandler                                build/06-priority-scheduler/soc/stm32f1/startup_stm32f103.o
TIM1_TRG_COM_IRQHandler                           build/06-priority-scheduler/soc/stm32f1/startup_stm32f103.o
TIM1_UP_IRQHandler                                build/06-priority-scheduler/soc/stm32f1/startup_stm32f103.o
TIM2_IRQHandler                                   build/06-priority-scheduler/soc/stm32f1/startup_stm32f103.o
TIM3_IRQHandler                                   build/06-priority-scheduler/soc/stm32f1/startup_stm32f103.o
TIM4_IRQHandler                                   build/06-priority-scheduler/soc/stm32f1/startup_stm32f103.o
USART1_IRQHandler                                 build/06-priority-scheduler/soc/stm32f1/startup_stm32f103.o
USART2_IRQHandler                                 build/06-priority-scheduler/soc/stm32f1/startup_stm32f103.o
USART3_IRQHandler                                 build/06-priority-scheduler/soc/stm32f1/startup_stm32f103.o
USBWakeUp_IRQHandler                              build/06-priority-scheduler/soc/stm32f1/startup_stm32f103.o
USB_HP_CAN1_TX_IRQHandler                         build/06-priority-scheduler/soc/stm32f1/startup_stm32f103.o
USB_LP_CAN1_RX0_IRQHandler                        build/06-priority-scheduler/soc/stm32f1/startup_stm32f103.o
UsageFault_Handler                                build/06-priority-scheduler/soc/stm32f1/stm32f1_irq.o
WWDG_IRQHandler                                   build/06-priority-scheduler/soc/stm32f1/startup_stm32f103.o
_ebss                                             build/06-priority-scheduler/soc/stm32f1/startup_stm32f103.o
_edata                                            build/06-priority-scheduler/soc/stm32f1/startup_stm32f103.o
_estack                                           build/06-priority-scheduler/arch/arm/cortex-m3/hr_portasm.o
                                                  build/06-priority-scheduler/soc/stm32f1/startup_stm32f103.o
_sbss                                             build/06-priority-scheduler/soc/stm32f1/startup_stm32f103.o
_sdata                                            build/06-priority-scheduler/soc/stm32f1/startup_stm32f103.o
_sidata                                           build/06-priority-scheduler/soc/stm32f1/startup_stm32f103.o
board_clock_is_72mhz                              build/06-priority-scheduler/boards/bluepill_f103c8/board_clock.o
                                                  build/06-priority-scheduler/boards/bluepill_f103c8/board.o
board_delay_ms                                    build/06-priority-scheduler/boards/bluepill_f103c8/board.o
                                                  build/06-priority-scheduler/examples/06-priority-scheduler/main.o
board_get_core_clock_hz                           build/06-priority-scheduler/boards/bluepill_f103c8/board_clock.o
                                                  build/06-priority-scheduler/boards/bluepill_f103c8/board.o
board_init                                        build/06-priority-scheduler/boards/bluepill_f103c8/board.o
                                                  build/06-priority-scheduler/examples/06-priority-scheduler/main.o
board_led_off                                     build/06-priority-scheduler/boards/bluepill_f103c8/board.o
board_led_on                                      build/06-priority-scheduler/boards/bluepill_f103c8/board.o
board_led_toggle                                  build/06-priority-scheduler/boards/bluepill_f103c8/board.o
                                                  build/06-priority-scheduler/examples/06-priority-scheduler/main.o
board_millis                                      build/06-priority-scheduler/boards/bluepill_f103c8/board.o
board_panic                                       build/06-priority-scheduler/boards/bluepill_f103c8/board.o
                                                  build/06-priority-scheduler/examples/06-priority-scheduler/main.o
board_uart_write_char                             build/06-priority-scheduler/boards/bluepill_f103c8/board.o
board_uart_write_line                             build/06-priority-scheduler/boards/bluepill_f103c8/board.o
                                                  build/06-priority-scheduler/examples/06-priority-scheduler/main.o
board_uart_write_string                           build/06-priority-scheduler/boards/bluepill_f103c8/board.o
                                                  build/06-priority-scheduler/examples/06-priority-scheduler/main.o
board_uart_write_u32                              build/06-priority-scheduler/boards/bluepill_f103c8/board.o
                                                  build/06-priority-scheduler/examples/06-priority-scheduler/main.o
g_hr_current_task_control_block                   build/06-priority-scheduler/kernel/src/hr_kernel.o
                                                  build/06-priority-scheduler/arch/arm/cortex-m3/hr_portasm.o
g_pfnVectors                                      build/06-priority-scheduler/soc/stm32f1/startup_stm32f103.o
                                                  build/06-priority-scheduler/soc/stm32f1/system_stm32f1.o
hr_gpio_config_alternate_push_pull                build/06-priority-scheduler/drivers/gpio/src/hr_gpio_stm32f1.o
                                                  build/06-priority-scheduler/drivers/uart/src/hr_uart_stm32f1.o
hr_gpio_config_input_floating                     build/06-priority-scheduler/drivers/gpio/src/hr_gpio_stm32f1.o
                                                  build/06-priority-scheduler/drivers/uart/src/hr_uart_stm32f1.o
hr_gpio_config_output_push_pull                   build/06-priority-scheduler/drivers/gpio/src/hr_gpio_stm32f1.o
                                                  build/06-priority-scheduler/boards/bluepill_f103c8/board.o
hr_gpio_enable_port_clock                         build/06-priority-scheduler/drivers/gpio/src/hr_gpio_stm32f1.o
                                                  build/06-priority-scheduler/boards/bluepill_f103c8/board.o
hr_gpio_read                                      build/06-priority-scheduler/drivers/gpio/src/hr_gpio_stm32f1.o
hr_gpio_toggle                                    build/06-priority-scheduler/drivers/gpio/src/hr_gpio_stm32f1.o
                                                  build/06-priority-scheduler/boards/bluepill_f103c8/board.o
hr_gpio_write                                     build/06-priority-scheduler/drivers/gpio/src/hr_gpio_stm32f1.o
                                                  build/06-priority-scheduler/boards/bluepill_f103c8/board.o
hr_hw_timer_delay_ms                              build/06-priority-scheduler/drivers/timer/src/hr_hw_timer_stm32f1.o
                                                  build/06-priority-scheduler/boards/bluepill_f103c8/board.o
hr_hw_timer_init_1khz                             build/06-priority-scheduler/drivers/timer/src/hr_hw_timer_stm32f1.o
                                                  build/06-priority-scheduler/boards/bluepill_f103c8/board.o
hr_hw_timer_millis                                build/06-priority-scheduler/drivers/timer/src/hr_hw_timer_stm32f1.o
                                                  build/06-priority-scheduler/boards/bluepill_f103c8/board.o
hr_kernel_current_task_internal                   build/06-priority-scheduler/kernel/src/hr_kernel.o
                                                  build/06-priority-scheduler/kernel/src/hr_task.o
hr_kernel_get_state                               build/06-priority-scheduler/kernel/src/hr_kernel.o
hr_kernel_get_task_count                          build/06-priority-scheduler/kernel/src/hr_kernel.o
hr_kernel_get_tick                                build/06-priority-scheduler/kernel/src/hr_kernel.o
hr_kernel_init                                    build/06-priority-scheduler/kernel/src/hr_kernel.o
                                                  build/06-priority-scheduler/examples/06-priority-scheduler/main.o
hr_kernel_is_running                              build/06-priority-scheduler/kernel/src/hr_kernel.o
                                                  build/06-priority-scheduler/kernel/src/hr_task.o
hr_kernel_prepare_start                           build/06-priority-scheduler/kernel/src/hr_kernel.o
hr_kernel_register_task                           build/06-priority-scheduler/kernel/src/hr_kernel.o
                                                  build/06-priority-scheduler/kernel/src/hr_task.o
hr_kernel_select_next_from_pendsv                 build/06-priority-scheduler/kernel/src/hr_kernel.o
                                                  build/06-priority-scheduler/arch/arm/cortex-m3/hr_portasm.o
hr_kernel_start                                   build/06-priority-scheduler/kernel/src/hr_kernel.o
                                                  build/06-priority-scheduler/examples/06-priority-scheduler/main.o
hr_list_back                                      build/06-priority-scheduler/kernel/src/hr_list.o
hr_list_front                                     build/06-priority-scheduler/kernel/src/hr_list.o
                                                  build/06-priority-scheduler/kernel/src/hr_timeout.o
                                                  build/06-priority-scheduler/kernel/src/hr_wait.o
                                                  build/06-priority-scheduler/kernel/src/hr_scheduler.o
hr_list_init                                      build/06-priority-scheduler/kernel/src/hr_list.o
                                                  build/06-priority-scheduler/kernel/src/hr_kernel.o
                                                  build/06-priority-scheduler/kernel/src/hr_timeout.o
                                                  build/06-priority-scheduler/kernel/src/hr_wait.o
                                                  build/06-priority-scheduler/kernel/src/hr_scheduler.o
hr_list_insert_before                             build/06-priority-scheduler/kernel/src/hr_list.o
                                                  build/06-priority-scheduler/kernel/src/hr_timeout.o
                                                  build/06-priority-scheduler/kernel/src/hr_wait.o
hr_list_is_empty                                  build/06-priority-scheduler/kernel/src/hr_list.o
                                                  build/06-priority-scheduler/kernel/src/hr_timeout.o
                                                  build/06-priority-scheduler/kernel/src/hr_wait.o
                                                  build/06-priority-scheduler/kernel/src/hr_scheduler.o
hr_list_next                                      build/06-priority-scheduler/kernel/src/hr_list.o
                                                  build/06-priority-scheduler/kernel/src/hr_timeout.o
                                                  build/06-priority-scheduler/kernel/src/hr_wait.o
hr_list_node_init                                 build/06-priority-scheduler/kernel/src/hr_list.o
                                                  build/06-priority-scheduler/kernel/src/hr_task.o
                                                  build/06-priority-scheduler/kernel/src/hr_timeout.o
                                                  build/06-priority-scheduler/kernel/src/hr_wait.o
                                                  build/06-priority-scheduler/kernel/src/hr_scheduler.o
hr_list_node_is_linked                            build/06-priority-scheduler/kernel/src/hr_list.o
                                                  build/06-priority-scheduler/kernel/src/hr_kernel.o
                                                  build/06-priority-scheduler/kernel/src/hr_timeout.o
                                                  build/06-priority-scheduler/kernel/src/hr_wait.o
hr_list_node_owner                                build/06-priority-scheduler/kernel/src/hr_list.o
                                                  build/06-priority-scheduler/kernel/src/hr_kernel.o
hr_list_pop_back                                  build/06-priority-scheduler/kernel/src/hr_list.o
hr_list_pop_front                                 build/06-priority-scheduler/kernel/src/hr_list.o
                                                  build/06-priority-scheduler/kernel/src/hr_wait.o
                                                  build/06-priority-scheduler/kernel/src/hr_scheduler.o
hr_list_previous                                  build/06-priority-scheduler/kernel/src/hr_list.o
hr_list_push_back                                 build/06-priority-scheduler/kernel/src/hr_list.o
                                                  build/06-priority-scheduler/kernel/src/hr_kernel.o
                                                  build/06-priority-scheduler/kernel/src/hr_timeout.o
                                                  build/06-priority-scheduler/kernel/src/hr_wait.o
                                                  build/06-priority-scheduler/kernel/src/hr_scheduler.o
hr_list_push_front                                build/06-priority-scheduler/kernel/src/hr_list.o
hr_list_remove                                    build/06-priority-scheduler/kernel/src/hr_list.o
                                                  build/06-priority-scheduler/kernel/src/hr_kernel.o
                                                  build/06-priority-scheduler/kernel/src/hr_timeout.o
                                                  build/06-priority-scheduler/kernel/src/hr_wait.o
                                                  build/06-priority-scheduler/kernel/src/hr_scheduler.o
hr_list_size                                      build/06-priority-scheduler/kernel/src/hr_list.o
                                                  build/06-priority-scheduler/kernel/src/hr_timeout.o
                                                  build/06-priority-scheduler/kernel/src/hr_wait.o
                                                  build/06-priority-scheduler/kernel/src/hr_scheduler.o
hr_list_validate                                  build/06-priority-scheduler/kernel/src/hr_list.o
                                                  build/06-priority-scheduler/kernel/src/hr_timeout.o
                                                  build/06-priority-scheduler/kernel/src/hr_wait.o
                                                  build/06-priority-scheduler/kernel/src/hr_scheduler.o
hr_port_configure_kernel_exceptions               build/06-priority-scheduler/arch/arm/cortex-m3/hr_port.o
                                                  build/06-priority-scheduler/kernel/src/hr_kernel.o
hr_port_initialize_stack                          build/06-priority-scheduler/arch/arm/cortex-m3/hr_port.o
                                                  build/06-priority-scheduler/kernel/src/hr_task.o
hr_port_initialize_stack_raw                      build/06-priority-scheduler/arch/arm/cortex-m3/hr_port_stack.o
                                                  build/06-priority-scheduler/arch/arm/cortex-m3/hr_port.o
hr_port_request_context_switch                    build/06-priority-scheduler/arch/arm/cortex-m3/hr_port.o
                                                  build/06-priority-scheduler/kernel/src/hr_task.o
hr_port_start_first_task                          build/06-priority-scheduler/arch/arm/cortex-m3/hr_portasm.o
                                                  build/06-priority-scheduler/kernel/src/hr_kernel.o
hr_port_thread_uses_psp                           build/06-priority-scheduler/arch/arm/cortex-m3/hr_port.o
                                                  build/06-priority-scheduler/examples/06-priority-scheduler/main.o
hr_port_wait_for_interrupt                        build/06-priority-scheduler/arch/arm/cortex-m3/hr_port.o
                                                  build/06-priority-scheduler/kernel/src/hr_kernel.o
hr_ready_node_init                                build/06-priority-scheduler/kernel/src/hr_scheduler.o
                                                  build/06-priority-scheduler/kernel/src/hr_task.o
hr_ready_set_bitmap                               build/06-priority-scheduler/kernel/src/hr_scheduler.o
hr_ready_set_init                                 build/06-priority-scheduler/kernel/src/hr_scheduler.o
hr_ready_set_insert                               build/06-priority-scheduler/kernel/src/hr_scheduler.o
hr_ready_set_is_empty                             build/06-priority-scheduler/kernel/src/hr_scheduler.o
hr_ready_set_peek_highest                         build/06-priority-scheduler/kernel/src/hr_scheduler.o
hr_ready_set_remove                               build/06-priority-scheduler/kernel/src/hr_scheduler.o
hr_ready_set_rotate_highest                       build/06-priority-scheduler/kernel/src/hr_scheduler.o
hr_ready_set_size                                 build/06-priority-scheduler/kernel/src/hr_scheduler.o
hr_ready_set_validate                             build/06-priority-scheduler/kernel/src/hr_scheduler.o
hr_scheduler_add_ready                            build/06-priority-scheduler/kernel/src/hr_scheduler.o
                                                  build/06-priority-scheduler/kernel/src/hr_kernel.o
hr_scheduler_init                                 build/06-priority-scheduler/kernel/src/hr_scheduler.o
                                                  build/06-priority-scheduler/kernel/src/hr_kernel.o
hr_scheduler_ready_bitmap                         build/06-priority-scheduler/kernel/src/hr_scheduler.o
hr_scheduler_ready_count                          build/06-priority-scheduler/kernel/src/hr_scheduler.o
hr_scheduler_remove_ready                         build/06-priority-scheduler/kernel/src/hr_scheduler.o
                                                  build/06-priority-scheduler/kernel/src/hr_kernel.o
hr_scheduler_select_highest                       build/06-priority-scheduler/kernel/src/hr_scheduler.o
                                                  build/06-priority-scheduler/kernel/src/hr_kernel.o
hr_scheduler_validate                             build/06-priority-scheduler/kernel/src/hr_scheduler.o
hr_scheduler_yield_current                        build/06-priority-scheduler/kernel/src/hr_scheduler.o
                                                  build/06-priority-scheduler/kernel/src/hr_kernel.o
hr_task_control_block                             build/06-priority-scheduler/kernel/src/hr_task.o
                                                  build/06-priority-scheduler/kernel/src/hr_kernel.o
hr_task_control_block_const                       build/06-priority-scheduler/kernel/src/hr_task.o
hr_task_create_static                             build/06-priority-scheduler/kernel/src/hr_task.o
                                                  build/06-priority-scheduler/kernel/src/hr_kernel.o
                                                  build/06-priority-scheduler/examples/06-priority-scheduler/main.o
hr_task_current                                   build/06-priority-scheduler/kernel/src/hr_task.o
                                                  build/06-priority-scheduler/examples/06-priority-scheduler/main.o
hr_task_exit_error                                build/06-priority-scheduler/kernel/src/hr_task.o
hr_task_get_base_priority                         build/06-priority-scheduler/kernel/src/hr_task.o
hr_task_get_effective_priority                    build/06-priority-scheduler/kernel/src/hr_task.o
                                                  build/06-priority-scheduler/examples/06-priority-scheduler/main.o
hr_task_get_name                                  build/06-priority-scheduler/kernel/src/hr_task.o
hr_task_get_stack_high_watermark                  build/06-priority-scheduler/kernel/src/hr_task.o
hr_task_get_stack_words                           build/06-priority-scheduler/kernel/src/hr_task.o
hr_task_get_state                                 build/06-priority-scheduler/kernel/src/hr_task.o
hr_task_is_valid                                  build/06-priority-scheduler/kernel/src/hr_task.o
                                                  build/06-priority-scheduler/kernel/src/hr_kernel.o
hr_task_stack_guard_is_valid                      build/06-priority-scheduler/kernel/src/hr_task.o
hr_task_start                                     build/06-priority-scheduler/kernel/src/hr_task.o
                                                  build/06-priority-scheduler/kernel/src/hr_kernel.o
                                                  build/06-priority-scheduler/examples/06-priority-scheduler/main.o
hr_task_transition_state                          build/06-priority-scheduler/kernel/src/hr_task.o
                                                  build/06-priority-scheduler/kernel/src/hr_kernel.o
hr_task_yield                                     build/06-priority-scheduler/kernel/src/hr_task.o
                                                  build/06-priority-scheduler/examples/06-priority-scheduler/main.o
hr_timeout_list_advance                           build/06-priority-scheduler/kernel/src/hr_timeout.o
hr_timeout_list_init                              build/06-priority-scheduler/kernel/src/hr_timeout.o
hr_timeout_list_insert                            build/06-priority-scheduler/kernel/src/hr_timeout.o
hr_timeout_list_is_empty                          build/06-priority-scheduler/kernel/src/hr_timeout.o
hr_timeout_list_last_tick                         build/06-priority-scheduler/kernel/src/hr_timeout.o
hr_timeout_list_remove                            build/06-priority-scheduler/kernel/src/hr_timeout.o
hr_timeout_list_size                              build/06-priority-scheduler/kernel/src/hr_timeout.o
hr_timeout_list_validate                          build/06-priority-scheduler/kernel/src/hr_timeout.o
hr_timeout_node_init                              build/06-priority-scheduler/kernel/src/hr_timeout.o
                                                  build/06-priority-scheduler/kernel/src/hr_task.o
hr_uart_init                                      build/06-priority-scheduler/drivers/uart/src/hr_uart_stm32f1.o
                                                  build/06-priority-scheduler/boards/bluepill_f103c8/board.o
hr_uart_try_read_char                             build/06-priority-scheduler/drivers/uart/src/hr_uart_stm32f1.o
hr_uart_write_char                                build/06-priority-scheduler/drivers/uart/src/hr_uart_stm32f1.o
                                                  build/06-priority-scheduler/boards/bluepill_f103c8/board.o
hr_uart_write_string                              build/06-priority-scheduler/drivers/uart/src/hr_uart_stm32f1.o
                                                  build/06-priority-scheduler/boards/bluepill_f103c8/board.o
hr_wait_list_init                                 build/06-priority-scheduler/kernel/src/hr_wait.o
hr_wait_list_insert                               build/06-priority-scheduler/kernel/src/hr_wait.o
hr_wait_list_is_empty                             build/06-priority-scheduler/kernel/src/hr_wait.o
hr_wait_list_peek                                 build/06-priority-scheduler/kernel/src/hr_wait.o
hr_wait_list_pop                                  build/06-priority-scheduler/kernel/src/hr_wait.o
hr_wait_list_remove                               build/06-priority-scheduler/kernel/src/hr_wait.o
hr_wait_list_size                                 build/06-priority-scheduler/kernel/src/hr_wait.o
hr_wait_list_validate                             build/06-priority-scheduler/kernel/src/hr_wait.o
hr_wait_node_init                                 build/06-priority-scheduler/kernel/src/hr_wait.o
                                                  build/06-priority-scheduler/kernel/src/hr_task.o
main                                              build/06-priority-scheduler/examples/06-priority-scheduler/main.o
                                                  build/06-priority-scheduler/soc/stm32f1/startup_stm32f103.o
stm32f1_clock_configure_hse_pll_72mhz             build/06-priority-scheduler/soc/stm32f1/stm32f1_clock.o
                                                  build/06-priority-scheduler/soc/stm32f1/system_stm32f1.o
stm32f1_clock_get_hclk_hz                         build/06-priority-scheduler/soc/stm32f1/stm32f1_clock.o
                                                  build/06-priority-scheduler/soc/stm32f1/system_stm32f1.o
stm32f1_clock_get_pclk1_hz                        build/06-priority-scheduler/soc/stm32f1/stm32f1_clock.o
stm32f1_clock_get_pclk2_hz                        build/06-priority-scheduler/soc/stm32f1/stm32f1_clock.o
                                                  build/06-priority-scheduler/boards/bluepill_f103c8/board.o
